[    0.936186]  vda: vda1 vda2 vda3
[    0.936321] usb usb2: We don't know the algorithms for LPM for this host, disabling LPM.
[    0.936330] usb usb2: New USB device found, idVendor=1d6b, idProduct=0003, bcdDevice= 5.13
[    0.936331] usb usb2: New USB device strings: Mfr=3, Product=2, SerialNumber=1
[    0.936332] usb usb2: Product: xHCI Host Controller
[    0.936332] usb usb2: Manufacturer: Linux 5.13.0-52-generic xhci-hcd
[    0.936333] usb usb2: SerialNumber: 0000:02:00.0
[    0.936406] hub 2-0:1.0: USB hub found
[    0.936438] hub 2-0:1.0: 15 ports detected
[    1.247332] ata2: SATA link down (SStatus 0 SControl 300)
[    1.247533] ata4: SATA link down (SStatus 0 SControl 300)
[    1.251709] ata3: SATA link down (SStatus 0 SControl 300)
[    1.255154] ata1: SATA link up 1.5 Gbps (SStatus 113 SControl 300)
[    1.255274] ata1.00: ATAPI: QEMU DVD-ROM, 2.5+, max UDMA/100
[    1.255279] ata1.00: applying bridge limits
[    1.255624] ata6: SATA link down (SStatus 0 SControl 300)
[    1.255915] ata5: SATA link down (SStatus 0 SControl 300)
[    1.256070] ata1.00: configured for UDMA/100
[    1.256571] scsi 1:0:0:0: CD-ROM            QEMU     QEMU DVD-ROM     2.5+ PQ: 0 ANSI: 5
[    1.271084] usb 1-1: new high-speed USB device number 2 using xhci_hcd
[    1.283822] sr 1:0:0:0: [sr0] scsi3-mmc drive: 4x/4x cd/rw xa/form2 tray
[    1.283836] cdrom: Uniform CD-ROM driver Revision: 3.20
[    1.347200] sr 1:0:0:0: Attached scsi CD-ROM sr0
[    1.347807] sr 1:0:0:0: Attached scsi generic sg0 type 5
[    1.420554] usb 1-1: New USB device found, idVendor=0627, idProduct=0001, bcdDevice= 0.00
[    1.420562] usb 1-1: New USB device strings: Mfr=1, Product=3, SerialNumber=10
[    1.420564] usb 1-1: Product: QEMU USB Tablet
[    1.420566] usb 1-1: Manufacturer: QEMU
[    1.420568] usb 1-1: SerialNumber: 28754-0000:00:02.1:00.0-1
[    1.430447] hid: raw HID events driver (C) Jiri Kosina
[    1.433206] usbcore: registered new interface driver usbhid
[    1.433210] usbhid: USB HID core driver
[    1.436838] input: QEMU QEMU USB Tablet as /devices/pci0000:00/0000:00:02.1/0000:02:00.0/usb1/1-1/1-1:1.0/0003:0627:0001.0001/input/input4
[    1.436979] hid-generic 0003:0627:0001.0001: input,hidraw0: USB HID v0.01 Mouse [QEMU QEMU USB Tablet] on usb-0000:02:00.0-1/input0
[    1.638618] fbcon: Taking over console
[    1.638732] Console: switching to colour frame buffer device 80x30
[    1.693825] EXT4-fs (vda3): mounted filesystem with ordered data mode. Opts: (null). Quota mode: none.
[    1.736086] systemd[1]: Inserted module 'autofs4'
[    1.741802] systemd[1]: systemd 248.3-1ubuntu8.6 running in system mode. (+PAM +AUDIT +SELINUX +APPARMOR +IMA +SMACK +SECCOMP +GCRYPT +GNUTLS -OPENSSL +ACL +BLKID +CURL +ELFUTILS -FIDO2 +IDN2 -IDN +IPTC +KMOD +LIBCRYPTSETUP -LIBFDISK +PCRE2 -PWQUALITY -P11KIT -QRENCODE +BZIP2 +LZ4 +XZ +ZLIB +ZSTD -XKBCOMMON +UTMP +SYSVINIT default-hierarchy=unified)
[    1.741832] systemd[1]: Detected virtualization kvm.
[    1.741834] systemd[1]: Detected architecture x86-64.
[    1.760626] systemd[1]: Hostname set to <ppw>.
[    1.810102] systemd[1]: /lib/systemd/system/trojan.service:9: Special user nobody configured, this is not safe!
[    1.818426] systemd[1]: Queued start job for default target Graphical Interface.
[    1.823101] systemd[1]: Created slice system-modprobe.slice.
[    1.823271] systemd[1]: Created slice system-systemd\x2dfsck.slice.
[    1.823389] systemd[1]: Created slice User and Session Slice.
[    1.823418] systemd[1]: Started Forward Password Requests to Wall Directory Watch.
[    1.823489] systemd[1]: Set up automount Arbitrary Executable File Formats File System Automount Point.
[    1.823510] systemd[1]: Reached target User and Group Name Lookups.
[    1.823517] systemd[1]: Reached target Remote File Systems.
[    1.823521] systemd[1]: Reached target Slices.
[    1.823530] systemd[1]: Reached target Local Verity Integrity Protected Volumes.
[    1.823577] systemd[1]: Listening on Syslog Socket.
[    1.823603] systemd[1]: Listening on fsck to fsckd communication Socket.
[    1.823618] systemd[1]: Listening on initctl Compatibility Named Pipe.
[    1.823679] systemd[1]: Listening on Journal Audit Socket.
[    1.823702] systemd[1]: Listening on Journal Socket (/dev/log).
[    1.823731] systemd[1]: Listening on Journal Socket.
[    1.823768] systemd[1]: Listening on udev Control Socket.
[    1.823792] systemd[1]: Listening on udev Kernel Socket.
[    1.824204] systemd[1]: Mounting Huge Pages File System...
[    1.824686] systemd[1]: Mounting POSIX Message Queue File System...
[    1.825232] systemd[1]: Mounting Kernel Debug File System...
[    1.825686] systemd[1]: Mounting Kernel Trace File System...
[    1.826461] systemd[1]: Starting Journal Service...
[    1.827159] systemd[1]: Starting Set the console keyboard layout...
[    1.827726] systemd[1]: Starting Create list of static device nodes for the current kernel...
[    1.828160] systemd[1]: Starting Load Kernel Module configfs...
[    1.828556] systemd[1]: Starting Load Kernel Module drm...
[    1.829003] systemd[1]: Starting Load Kernel Module fuse...
[    1.829509] systemd[1]: Starting Load AppArmor profiles managed internally by snapd...
[    1.829928] systemd[1]: Condition check resulted in Set Up Additional Binary Formats being skipped.
[    1.829967] systemd[1]: Condition check resulted in File System Check on Root Device being skipped.
[    1.831284] systemd[1]: Starting Load Kernel Modules...
[    1.831694] systemd[1]: Starting Remount Root and Kernel File Systems...
[    1.832236] systemd[1]: Starting Coldplug All udev Devices...
[    1.832736] systemd[1]: Starting Uncomplicated firewall...
[    1.833834] systemd[1]: Mounted Huge Pages File System.
[    1.833875] systemd[1]: Mounted POSIX Message Queue File System.
[    1.833901] systemd[1]: Mounted Kernel Debug File System.
[    1.833923] systemd[1]: Mounted Kernel Trace File System.
[    1.834146] systemd[1]: Finished Create list of static device nodes for the current kernel.
[    1.834275] systemd[1]: modprobe@configfs.service: Deactivated successfully.
[    1.834391] systemd[1]: Finished Load Kernel Module configfs.
[    1.834452] systemd[1]: modprobe@fuse.service: Deactivated successfully.
[    1.834554] systemd[1]: Finished Load Kernel Module fuse.
[    1.835155] systemd[1]: Mounting FUSE Control File System...
[    1.835860] systemd[1]: Mounting Kernel Configuration File System...
[    1.838708] systemd[1]: Finished Uncomplicated firewall.
[    1.838810] EXT4-fs (vda3): re-mounted. Opts: errors=remount-ro. Quota mode: none.
[    1.839976] systemd[1]: Mounted FUSE Control File System.
[    1.840042] systemd[1]: Mounted Kernel Configuration File System.
[    1.846481] lp: driver loaded but no devices found
[    1.847375] systemd[1]: Finished Remount Root and Kernel File Systems.
[    1.848054] systemd[1]: Activating swap /swapfile...
[    1.849634] systemd[1]: Condition check resulted in Rebuild Hardware Database being skipped.
[    1.849661] systemd[1]: Condition check resulted in Platform Persistent Storage Archival being skipped.
[    1.850174] systemd[1]: Starting Load/Save Random Seed...
[    1.850784] systemd[1]: Starting Create System Users...
[    1.850949] systemd[1]: Started Journal Service.
[    1.853607] ppdev: user-space parallel port driver
[    1.856783] systemd-journald[291]: Received client request to flush runtime journal.
[    1.859492] systemd-journald[291]: File /var/log/journal/11335f3fcd43432ab1cc863d948bd204/system.journal corrupted or uncleanly shut down, renaming and replacing.
[    1.861165] IPMI message handler: version 39.2
[    1.861690] ipmi device interface
[    1.864999] loop0: detected capacity change from 0 to 8
[    1.867166] Adding 2097148k swap on /swapfile.  Priority:-2 extents:6 across:2260988k FS
[    1.880444] audit: type=1400 audit(1663574620.812:2): apparmor="STATUS" operation="profile_load" profile="unconfined" name="snap-update-ns.core" pid=346 comm="apparmor_parser"
[    1.885343] audit: type=1400 audit(1663574620.816:3): apparmor="STATUS" operation="profile_load" profile="unconfined" name="/snap/core/13741/usr/lib/snapd/snap-confine" pid=345 comm="apparmor_parser"
[    1.885347] audit: type=1400 audit(1663574620.816:4): apparmor="STATUS" operation="profile_load" profile="unconfined" name="/snap/core/13741/usr/lib/snapd/snap-confine//mount-namespace-capture-helper" pid=345 comm="apparmor_parser"
[    1.885913] loop1: detected capacity change from 0 to 233448
[    1.885919] audit: type=1400 audit(1663574620.816:5): apparmor="STATUS" operation="profile_load" profile="unconfined" name="snap.core.hook.configure" pid=349 comm="apparmor_parser"
[    1.888348] audit: type=1400 audit(1663574620.820:6): apparmor="STATUS" operation="profile_load" profile="unconfined" name="snap-update-ns.snap-store" pid=348 comm="apparmor_parser"
[    1.888815] audit: type=1400 audit(1663574620.820:7): apparmor="STATUS" operation="profile_load" profile="unconfined" name="snap-update-ns.firefox" pid=347 comm="apparmor_parser"
[    1.903036] audit: type=1400 audit(1663574620.824:8): apparmor="STATUS" operation="profile_load" profile="unconfined" name="snap.snap-store.hook.configure" pid=354 comm="apparmor_parser"
[    1.903040] audit: type=1400 audit(1663574620.832:9): apparmor="STATUS" operation="profile_load" profile="unconfined" name="snap.firefox.hook.configure" pid=353 comm="apparmor_parser"
[    1.903167] audit: type=1400 audit(1663574620.836:10): apparmor="STATUS" operation="profile_load" profile="unconfined" name="snap.firefox.firefox" pid=351 comm="apparmor_parser"
[    1.911057] loop2: detected capacity change from 0 to 187776
[    1.944167] loop3: detected capacity change from 0 to 166424
[    1.955349] loop4: detected capacity change from 0 to 709216
[    1.955448] loop5: detected capacity change from 0 to 362496
[    1.955500] loop6: detected capacity change from 0 to 111048
[    1.976216] loop7: detected capacity change from 0 to 235368
[    1.983548] ACPI: \_SB_.GSIF: Enabled at IRQ 21
[    1.983603] checking generic (f4000000 130000) vs hw (f4000000 4000000)
[    1.983605] fb0: switching to qxl from VESA VGA
[    1.984254] Console: switching to colour dummy device 80x25
[    1.984278] qxl 0000:00:01.0: vgaarb: deactivate vga console
[    1.984303] [drm] Device Version 0.0
[    1.984303] [drm] Compression level 0 log level 0
[    1.984304] [drm] 12286 io pages at offset 0x1000000
[    1.984305] [drm] 16777216 byte draw area at offset 0x0
[    1.984305] [drm] RAM header offset: 0x3ffe000
[    1.984316] [drm] qxl: 16M of VRAM memory size
[    1.984317] [drm] qxl: 63M of IO pages memory ready (VRAM domain)
[    1.984317] [drm] qxl: 64M of Surface memory size
[    1.987138] [drm] slot 0 (main): base 0xf4000000, size 0x03ffe000
[    1.987186] [drm] slot 1 (surfaces): base 0xf8000000, size 0x04000000
[    1.987533] [drm] Initialized qxl 0.1.0 20120117 for 0000:00:01.0 on minor 0
[    1.988646] fbcon: qxldrmfb (fb0) is primary device
[    1.988692] Console: switching to colour frame buffer device 128x48
[    1.988699] qxl 0000:00:01.0: [drm] fb0: qxldrmfb frame buffer device
[    1.991579] input: ImExPS/2 Generic Explorer Mouse as /devices/platform/i8042/serio1/input/input3
[    2.023265] loop8: detected capacity change from 0 to 111080
[    2.056363] RAPL PMU: API unit is 2^-32 Joules, 0 fixed counters, 10737418240 ms ovfl timer
[    2.057412] cryptd: max_cpu_qlen set to 1000
[    2.060243] AVX2 version of gcm_enc/dec engaged.
[    2.060275] AES CTR mode by8 optimization enabled
[    2.091548] loop9: detected capacity change from 0 to 126888
[    2.097833] snd_hda_codec_generic hdaudioC0D0: autoconfig for Generic: line_outs=1 (0x3/0x0/0x0/0x0/0x0) type:line
[    2.097838] snd_hda_codec_generic hdaudioC0D0:    speaker_outs=0 (0x0/0x0/0x0/0x0/0x0)
[    2.097839] snd_hda_codec_generic hdaudioC0D0:    hp_outs=0 (0x0/0x0/0x0/0x0/0x0)
[    2.097840] snd_hda_codec_generic hdaudioC0D0:    mono: mono_out=0x0
[    2.097840] snd_hda_codec_generic hdaudioC0D0:    inputs:
[    2.097841] snd_hda_codec_generic hdaudioC0D0:      Line=0x5
[    2.156818] loop10: detected capacity change from 0 to 362240
[    2.243291] loop11: detected capacity change from 0 to 129480
[    2.303181] loop12: detected capacity change from 0 to 820832
[    3.133132] bridge: filtering via arp/ip/ip6tables is no longer available by default. Update your scripts to load br_netfilter if you need this.
[    3.133961] Bridge firewalling registered
[    3.220688] Initializing XFRM netlink socket
[    3.387150] loop13: detected capacity change from 0 to 8
[    3.764540] rfkill: input handler disabled
[    4.154431] input: spice vdagent tablet as /devices/virtual/input/input5
[    7.927117] systemd-journald[291]: File /var/log/journal/11335f3fcd43432ab1cc863d948bd204/user-1000.journal corrupted or uncleanly shut down, renaming and replacing.
[    7.967338] rfkill: input handler enabled
[    8.855680] rfkill: input handler disabled
[    9.453214] input: spice vdagent tablet as /devices/virtual/input/input6
[    9.654075] kauditd_printk_skb: 5 callbacks suppressed
[    9.654077] audit: type=1400 audit(1663574628.584:16): apparmor="DENIED" operation="capable" profile="/snap/core/13741/usr/lib/snapd/snap-confine" pid=1994 comm="snap-confine" capability=4  capname="fsetid"
[   10.753218] audit: type=1326 audit(1663574629.684:17): auid=1000 uid=1000 gid=1000 ses=3 subj=snap.snap-store.ubuntu-software pid=1994 comm="snap-store" exe="/snap/snap-store/558/usr/bin/snap-store" sig=0 arch=c000003e syscall=314 compat=0 ip=0x7fce02a6873d code=0x50000
[   11.568504] audit: type=1107 audit(1663574630.500:18): pid=627 uid=103 auid=4294967295 ses=4294967295 subj=unconfined msg='apparmor="DENIED" operation="dbus_method_call"  bus="system" path="/org/freedesktop/PolicyKit1/Authority" interface="org.freedesktop.DBus.Properties" member="GetAll" mask="send" name=":1.4" pid=1994 label="snap.snap-store.ubuntu-software" peer_pid=638 peer_label="unconfined"
                exe="/usr/bin/dbus-daemon" sauid=103 hostname=? addr=? terminal=?'
[   11.568747] audit: type=1107 audit(1663574630.500:19): pid=627 uid=103 auid=4294967295 ses=4294967295 subj=unconfined msg='apparmor="DENIED" operation="dbus_method_call"  bus="system" path="/org/freedesktop/PolicyKit1/Authority" interface="org.freedesktop.PolicyKit1.Authority" member="CheckAuthorization" mask="send" name=":1.4" pid=1994 label="snap.snap-store.ubuntu-software" peer_pid=638 peer_label="unconfined"
                exe="/usr/bin/dbus-daemon" sauid=103 hostname=? addr=? terminal=?'
[   11.580032] audit: type=1107 audit(1663574630.512:20): pid=627 uid=103 auid=4294967295 ses=4294967295 subj=unconfined msg='apparmor="DENIED" operation="dbus_method_call"  bus="system" path="/org/freedesktop/PolicyKit1/Authority" interface="org.freedesktop.DBus.Properties" member="GetAll" mask="send" name=":1.4" pid=1994 label="snap.snap-store.ubuntu-software" peer_pid=638 peer_label="unconfined"
                exe="/usr/bin/dbus-daemon" sauid=103 hostname=? addr=? terminal=?'
[   11.580699] audit: type=1107 audit(1663574630.512:21): pid=627 uid=103 auid=4294967295 ses=4294967295 subj=unconfined msg='apparmor="DENIED" operation="dbus_method_call"  bus="system" path="/org/freedesktop/PolicyKit1/Authority" interface="org.freedesktop.PolicyKit1.Authority" member="CheckAuthorization" mask="send" name=":1.4" pid=1994 label="snap.snap-store.ubuntu-software" peer_pid=638 peer_label="unconfined"
                exe="/usr/bin/dbus-daemon" sauid=103 hostname=? addr=? terminal=?'
[   11.877854] audit: type=1400 audit(1663574630.808:22): apparmor="DENIED" operation="open" profile="snap.snap-store.ubuntu-software" name="/etc/PackageKit/Vendor.conf" pid=1994 comm="snap-store" requested_mask="r" denied_mask="r" fsuid=1000 ouid=0
[  803.216334] containerd invoked oom-killer: gfp_mask=0x100cca(GFP_HIGHUSER_MOVABLE), order=0, oom_score_adj=-999
[  803.216347] CPU: 1 PID: 774 Comm: containerd Not tainted 5.13.0-52-generic #59-Ubuntu
[  803.216348] Hardware name: QEMU Standard PC (Q35 + ICH9, 2009), BIOS 1.14.0-2 04/01/2014
[  803.216349] Call Trace:
[  803.216350]  <TASK>
[  803.216352]  show_stack+0x52/0x58
[  803.216357]  dump_stack+0x7d/0x9c
[  803.216358]  dump_header+0x4f/0x1f9
[  803.216359]  oom_kill_process.cold+0xb/0x10
[  803.216360]  out_of_memory+0xf9/0x2d0
[  803.216378]  __alloc_pages_slowpath.constprop.0+0x94f/0xa10
[  803.216380]  __alloc_pages+0x313/0x330
[  803.216381]  alloc_pages+0x87/0x110
[  803.216382]  __page_cache_alloc+0x80/0x90
[  803.216384]  pagecache_get_page+0x144/0x520
[  803.216385]  filemap_fault+0x587/0x840
[  803.216386]  ? next_uptodate_page+0x181/0x270
[  803.216388]  ext4_filemap_fault+0x32/0x50
[  803.216390]  __do_fault+0x39/0xe0
[  803.216392]  do_read_fault+0x39/0x160
[  803.216393]  do_fault+0x100/0x2c0
[  803.216394]  handle_pte_fault+0x1c5/0x230
[  803.216395]  __handle_mm_fault+0x5de/0x770
[  803.216397]  handle_mm_fault+0xda/0x2c0
[  803.216398]  do_user_addr_fault+0x1bb/0x660
[  803.216400]  exc_page_fault+0x7d/0x170
[  803.216401]  ? asm_exc_page_fault+0x8/0x30
[  803.216402]  asm_exc_page_fault+0x1e/0x30
[  803.216403] RIP: 0033:0x558e2142e0fd
[  803.216408] Code: Unable to access opcode bytes at RIP 0x558e2142e0d3.
[  803.216408] RSP: 002b:00007f85eaca9d18 EFLAGS: 00010202
[  803.216410] RAX: 0000000000000000 RBX: 0000000000002710 RCX: 0000558e2142e0fd
[  803.216410] RDX: 0000000000000000 RSI: 0000000000000000 RDI: 00007f85eaca9d18
[  803.216411] RBP: 00007f85eaca9d28 R08: 0000000000000804 R09: 0000000000000000
[  803.216411] R10: 0000000000000000 R11: 0000000000000202 R12: 00007f85eaca9758
[  803.216412] R13: 00007ffc92da2fbf R14: 000000c0000009c0 R15: 00007f85ea4aa000
[  803.216413]  </TASK>
[  803.216413] Mem-Info:
[  803.216414] active_anon:11 inactive_anon:0 isolated_anon:0
                active_file:14 inactive_file:4 isolated_file:0
                unevictable:0 dirty:27 writeback:0
                slab_reclaimable:31637 slab_unreclaimable:886615
                mapped:36 shmem:3 pagetables:5991 bounce:0
                free:22607 free_pcp:182 free_cma:0
[  803.216417] Node 0 active_anon:44kB inactive_anon:0kB active_file:56kB inactive_file:16kB unevictable:0kB isolated(anon):0kB isolated(file):0kB mapped:144kB dirty:108kB writeback:0kB shmem:12kB shmem_thp: 0kB shmem_pmdmapped: 0kB anon_thp: 0kB writeback_tmp:0kB kernel_stack:10400kB pagetables:23964kB all_unreclaimable? yes
[  803.216419] Node 0 DMA free:14848kB min:268kB low:332kB high:396kB reserved_highatomic:0KB active_anon:0kB inactive_anon:0kB active_file:0kB inactive_file:0kB unevictable:0kB writepending:0kB present:15992kB managed:15360kB mlocked:0kB bounce:0kB free_pcp:0kB local_pcp:0kB free_cma:0kB
[  803.216421] lowmem_reserve[]: 0 1871 3751 3751 3751
[  803.216422] Node 0 DMA32 free:40684kB min:33584kB low:41980kB high:50376kB reserved_highatomic:0KB active_anon:24kB inactive_anon:480kB active_file:212kB inactive_file:80kB unevictable:0kB writepending:36kB present:2080624kB managed:1980784kB mlocked:0kB bounce:0kB free_pcp:0kB local_pcp:0kB free_cma:0kB
[  803.216424] lowmem_reserve[]: 0 0 1880 1880 1880
[  803.216425] Node 0 Normal free:34896kB min:33728kB low:42160kB high:50592kB reserved_highatomic:0KB active_anon:0kB inactive_anon:0kB active_file:292kB inactive_file:0kB unevictable:0kB writepending:72kB present:1998848kB managed:1925128kB mlocked:0kB bounce:0kB free_pcp:724kB local_pcp:236kB free_cma:0kB
[  803.216427] lowmem_reserve[]: 0 0 0 0 0
[  803.216428] Node 0 DMA: 0*4kB 0*8kB 0*16kB 0*32kB 0*64kB 0*128kB 0*256kB 1*512kB (U) 0*1024kB 1*2048kB (M) 3*4096kB (M) = 14848kB
[  803.216432] Node 0 DMA32: 1904*4kB (ME) 1007*8kB (UME) 484*16kB (ME) 239*32kB (UME) 91*64kB (UME) 28*128kB (UM) 4*256kB (UM) 0*512kB 0*1024kB 0*2048kB 0*4096kB = 41496kB
[  803.216437] Node 0 Normal: 1270*4kB (ME) 1016*8kB (ME) 640*16kB (ME) 234*32kB (ME) 54*64kB (UM) 3*128kB (M) 0*256kB 0*512kB 0*1024kB 0*2048kB 0*4096kB = 34776kB
[  803.216452] Node 0 hugepages_total=0 hugepages_free=0 hugepages_surp=0 hugepages_size=1048576kB
[  803.216455] Node 0 hugepages_total=0 hugepages_free=0 hugepages_surp=0 hugepages_size=2048kB
[  803.216455] 61 total pagecache pages
[  803.216455] 16 pages in swap cache
[  803.216456] Swap cache stats: add 264451, delete 264444, find 714/3909
[  803.216456] Free swap  = 1058868kB
[  803.216457] Total swap = 2097148kB
[  803.216457] 1023866 pages RAM
[  803.216462] 0 pages HighMem/MovableOnly
[  803.216462] 43548 pages reserved
[  803.216462] 0 pages hwpoisoned
[  803.216463] Unreclaimable slab info:
[  803.216463] Name                      Used          Total
[  803.216464] nf_conntrack              39KB         39KB
[  803.216466] scsi_sense_cache         168KB        168KB
[  803.216467] RAWv6                     92KB         92KB
[  803.216468] UDPv6                    126KB        126KB
[  803.216469] TCPv6                     61KB         61KB
[  803.216470] mqueue_inode_cache         15KB         15KB
[  803.216470] fuse_request              15KB         15KB
[  803.216474] UNIX                     888KB       1147KB
[  803.216474] RAW                       48KB         48KB
[  803.216475] tw_sock_TCP                7KB          7KB
[  803.216475] request_sock_TCP          15KB         15KB
[  803.216476] TCP                      122KB        122KB
[  803.216476] hugetlbfs_inode_cache         15KB         15KB
[  803.216477] ep_head                   16KB         16KB
[  803.216477] bio_crypt_ctx             11KB         11KB
[  803.216479] request_queue            158KB        285KB
[  803.216479] biovec-max               480KB        512KB
[  803.216480] biovec-128               128KB        128KB
[  803.216480] biovec-64                 64KB         64KB
[  803.216480] user_namespace            15KB         15KB
[  803.216481] dmaengine-unmap-256         30KB         30KB
[  803.216481] dmaengine-unmap-128         31KB         31KB
[  803.216482] skbuff_ext_cache          31KB         31KB
[  803.216482] skbuff_fclone_cache         32KB         32KB
[  803.216483] skbuff_head_cache         52KB         64KB
[  803.216483] file_lock_cache           26KB         26KB
[  803.216484] file_lock_ctx             15KB         15KB
[  803.216484] fsnotify_mark_connector        544KB        544KB
[  803.216485] net_namespace             57KB         57KB
[  803.216485] task_delay_info         1430KB       1430KB
[  803.216485] taskstats                 31KB         31KB
[  803.216486] proc_dir_entry           181KB        181KB
[  803.216486] pde_opener                15KB         15KB
[  803.216487] seq_file              899022KB     899022KB
[  803.216489] shmem_inode_cache       1653KB       1695KB
[  803.216492] kernfs_node_cache       4279KB       4320KB
[  803.216495] mnt_cache                946KB       1000KB
[  803.216495] filp                 1919960KB    1919960KB
[  803.216496] names_cache              288KB        288KB
[  803.216496] lsm_file_cache        180030KB     180030KB
[  803.216497] uts_namespace             30KB         30KB
[  803.216511] vm_area_struct          7338KB       7429KB
[  803.216512] mm_struct                318KB        318KB
[  803.216512] files_cache              205KB        205KB
[  803.216512] signal_cache             630KB        630KB
[  803.216514] sighand_cache            756KB        835KB
[  803.216517] task_struct             4067KB       4440KB
[  803.216518] cred_jar                 216KB        216KB
[  803.216523] anon_vma_chain          1157KB       1232KB
[  803.216528] anon_vma                 924KB       1000KB
[  803.216528] pid                      236KB        236KB
[  803.216529] Acpi-Operand             126KB        126KB
[  803.216529] Acpi-ParseExt             15KB         15KB
[  803.216530] Acpi-State                47KB         47KB
[  803.216530] numa_policy                7KB          7KB
[  803.216530] perf_event                93KB         93KB
[  803.216531] trace_event_file         292KB        292KB
[  803.216531] ftrace_event_field        223KB        223KB
[  803.216532] pool_workqueue           206KB        220KB
[  803.216533] task_group               126KB        126KB
[  803.216535] vmap_area                185KB        220KB
[  803.216542] kmalloc-8k               976KB       1120KB
[  803.216546] kmalloc-4k              7740KB       8160KB
[  803.216548] kmalloc-2k              1776KB       1952KB
[  803.216549] kmalloc-1k             61792KB      61792KB
[  803.216549] kmalloc-512           114636KB     114636KB
[  803.216580] kmalloc-256             1371KB       2628KB
[  803.216595] kmalloc-192              946KB       1279KB
[  803.216596] kmalloc-128            60260KB      60260KB
[  803.216596] kmalloc-96               255KB        255KB
[  803.216605] kmalloc-64               724KB        812KB
[  803.216605] kmalloc-32            240616KB     240616KB
[  803.216605] kmalloc-16               156KB        156KB
[  803.216606] kmalloc-8                 72KB         72KB
[  803.216606] kmem_cache_node           20KB         20KB
[  803.216606] kmem_cache                48KB         48KB
[  803.216607] Tasks state (memory values in pages):
[  803.216607] [  pid  ]   uid  tgid total_vm      rss pgtables_bytes swapents oom_score_adj name
[  803.216616] [    291]     0   291    11683        0    90112      370          -250 systemd-journal
[  803.216618] [    344]     0   344     6214        0    69632      556         -1000 systemd-udevd
[  803.216620] [    613]   101   613     5875        0    86016      989             0 systemd-resolve
[  803.216622] [    614]   102   614    21922        0    73728      182             0 systemd-timesyn
[  803.216622] [    619]     0   619    60785        0   106496      365             0 accounts-daemon
[  803.216623] [    620]     0   620      699        0    40960       46             0 acpid
[  803.216624] [    623]   114   623     1871        0    53248      106             0 avahi-daemon
[  803.216625] [    624]     0   624     3140        0    61440       66             0 cron
[  803.216626] [    627]   103   627     2708        0    65536      655          -900 dbus-daemon
[  803.216627] [    628]     0   628    83994        0   159744      813             0 NetworkManager
[  803.216634] [    635]     0   635    20645        0    61440      101             0 irqbalance
[  803.216635] [    636]     0   636    10567        0   118784     2440             0 networkd-dispat
[  803.216636] [    638]     0   638    59138        0    90112      857             0 polkitd
[  803.216637] [    639]     0   639    59828        0    90112      151             0 power-profiles-
[  803.216637] [    640]   104   640    55310        0    81920      435             0 rsyslogd
[  803.216638] [    641]     0   641   292552        0   278528     4457          -900 snapd
[  803.216639] [    644]     0   644    59825        0    94208      156             0 switcheroo-cont
[  803.216640] [    645]     0   645     3464        0    65536      239             0 systemd-logind
[  803.216641] [    646]     0   646    98312        0   122880      600             0 udisksd
[  803.216642] [    647]     0   647     3578        0    69632      160             0 wpa_supplicant
[  803.216643] [    649]   114   649     1823        0    53248       83             0 avahi-daemon
[  803.216644] [    700]     0   700    79002        0   114688      457             0 ModemManager
[  803.216644] [    732]     0   732    18583        1   118784      574             0 cupsd
[  803.216650] [    739]     0   739   357464        0   307200     4825          -999 containerd
[  803.216651] [    744]     0   744    29898        0   131072     2256             0 unattended-upgr
[  803.216652] [    746]     0   746     3283        1    65536      228         -1000 sshd
[  803.216653] [    755]     7   755     3974        0    69632      206             0 dbus
[  803.216654] [    756]     7   756     3974        0    69632      206             0 dbus
[  803.216655] [    758]     7   758     3974        0    69632      206             0 dbus
[  803.216656] [    759]     0   759    60990        1   102400      294             0 gdm3
[  803.216656] [    790]     0   790    43482        0   106496      383             0 cups-browsed
[  803.216657] [    792] 65534   792     4672        0    77824      243             0 trojan
[  803.216665] [    794]   116   794    62446        0   122880      447             0 whoopsie
[  803.216666] [    799]   113   799     3193        0    61440      111             0 kerneloops
[  803.216667] [    802]   113   802     3193        0    69632      112             0 kerneloops
[  803.216668] [    834]     0   834   345902        0   364544     7159          -500 dockerd
[  803.216669] [    836]   111   836    38459        0    65536       75             0 rtkit-daemon
[  803.216670] [    978]     0   978    63027        0   106496      278             0 upowerd
[  803.216671] [   1207]     0  1207    93136        1   200704     1665             0 packagekitd
[  803.216672] [   1329]   121  1329    62008        1   110592      896             0 colord
[  803.216673] [   1383]     0  1383    21635        0    69632      157             0 spice-vdagentd
[  803.216674] [   1443]     0  1443    43399        1   102400      518             0 gdm-session-wor
[  803.216675] [   1453]  1000  1453     4021        0    69632      569             0 systemd
[  803.216675] [   1454]  1000  1454    41952        0    98304      929             0 (sd-pam)
[  803.216676] [   1460]  1000  1460    10563        0    73728      293             0 pipewire
[  803.216677] [   1461]  1000  1461     6525        0    77824      286             0 pipewire-media-
[  803.216678] [   1462]  1000  1462   286957        0   184320     1215             0 pulseaudio
[  803.216679] [   1466]  1000  1466     2597        0    61440      680             0 dbus-daemon
[  803.216680] [   1468]  1000  1468    60949        0    86016      274             0 gnome-keyring-d
[  803.216681] [   1472]  1000  1472    60892        1    98304      252             0 gvfsd
[  803.216682] [   1477]  1000  1477    94755        0    98304      224             0 gvfsd-fuse
[  803.216683] [   1485]  1000  1485    41328        1    86016      140             0 gdm-wayland-ses
[  803.216684] [   1489]  1000  1489    56145        0   135168      466             0 gnome-session-b
[  803.216684] [   1500]  1000  1500   188894        0   487424    27993             0 tracker-miner-f
[  803.216685] [   1536]  1000  1536    23666        0    81920      106             0 gnome-session-c
[  803.216686] [   1547]  1000  1547   164921        1   196608      692             0 gnome-session-b
[  803.216691] [   1564]  1000  1564    77321        1    94208      209             0 at-spi-bus-laun
[  803.216692] [   1567]  1000  1567  1222631        0  1376256    56062             0 gnome-shell
[  803.216693] [   1573]  1000  1573     2059        1    61440      138             0 dbus-daemon
[  803.216694] [   1598]  1000  1598    79675        0   106496      454             0 gvfs-udisks2-vo
[  803.216695] [   1603]  1000  1603    79177        0   110592      252             0 gvfs-afc-volume
[  803.216696] [   1608]  1000  1608    59893        0    94208      188             0 gvfs-goa-volume
[  803.216697] [   1612]  1000  1612   140064        0   266240     1765             0 goa-daemon
[  803.216698] [   1619]  1000  1619    79620        0   110592      304             0 goa-identity-se
[  803.216698] [   1625]  1000  1625    60118        0    94208      222             0 gvfs-gphoto2-vo
[  803.216699] [   1629]  1000  1629    59849        0    90112      180             0 gvfs-mtp-volume
[  803.216700] [   1639]  1000  1639    59768        0    98304      148             0 xdg-permission-
[  803.216701] [   1657]  1000  1657   145227        0   172032      764             0 gnome-shell-cal
[  803.216702] [   1674]  1000  1674    98350        0   200704      981             0 evolution-sourc
[  803.216702] [   1681]  1000  1681   210324        0   262144     1140             0 evolution-calen
[  803.216703] [   1682]  1000  1682    39202        0    65536      152             0 dconf-service
[  803.216704] [   1695]  1000  1695   186726        0   262144      953             0 evolution-addre
[  803.216705] [   1709]  1000  1709    79431        0   114688      353             0 gvfsd-trash
[  803.216710] [   1717]  1000  1717   649125        0   233472     1357             0 gjs
[  803.216711] [   1719]  1000  1719    40593        0    86016      192             0 at-spi2-registr
[  803.216712] [   1727]  1000  1727    78327        0   102400      176             0 gsd-a11y-settin
[  803.216713] [   1729]  1000  1729   149967        0   204800     1350             0 gsd-color
[  803.216714] [   1730]  1000  1730    94187        0   163840      524             0 gsd-datetime
[  803.216714] [   1735]  1000  1735    78721        0   102400      252             0 gsd-housekeepin
[  803.216715] [   1736]  1000  1736    85934        0   163840     1293             0 gsd-keyboard
[  803.216716] [   1738]  1000  1738   233227        0   237568     1437             0 gsd-media-keys
[  803.216717] [   1739]  1000  1739   131411        0   200704     1349             0 gsd-power
[  803.216718] [   1741]  1000  1741    63090        1   118784      372             0 gsd-print-notif
[  803.216718] [   1743]  1000  1743   115194        0   114688      206             0 gsd-rfkill
[  803.216719] [   1744]  1000  1744    59835        0    98304      162             0 gsd-screensaver
[  803.216720] [   1745]  1000  1745   117172        0   135168      409             0 gsd-sharing
[  803.216721] [   1746]  1000  1746   115661        0   126976      267             0 gsd-smartcard
[  803.216722] [   1747]  1000  1747    81002        0   122880      353             0 gsd-sound
[  803.216722] [   1748]  1000  1748    85878        0   167936     1227             0 gsd-wacom
[  803.216723] [   1796]  1000  1796    68835        0   155648     1741             0 spice-vdagent
[  803.216724] [   1813]  1000  1813    43761        0   299008     3025             0 Xwayland
[  803.216725] [   1828]  1000  1828    86218        0   159744      504             0 gsd-printer
[  803.216726] [   1833]  1000  1833    79372        0   110592     1112             0 ibus-daemon
[  803.216727] [   1835]  1000  1835   125296        0   401408     4018             0 gsd-xsettings
[  803.216727] [   1863]  1000  1863    60065        0    94208      198             0 ibus-dconf
[  803.216728] [   1864]  1000  1864    87299        0   167936     2561             0 ibus-extension-
[  803.216729] [   1872]  1000  1872    88132        0   360448     3796             0 ibus-x11
[  803.216730] [   1884]  1000  1884    60050        0    94208      176             0 ibus-portal
[  803.216730] [   1892]  1000  1892   651170        1   233472     1348             0 gjs
[  803.216731] [   1928]  1000  1928    41604        0    86016      195             0 ibus-engine-sim
[  803.216732] [   1939]  1000  1939    58024        0    77824      336             0 gsd-disk-utilit
[  803.216733] [   1946]  1000  1946   167369        0   376832     3491             0 evolution-alarm
[  803.216734] [   1994]  1000  1994   210992        1   335872     7917             0 snap-store
[  803.216739] [   2023]  1000  2023   133699        0   131072      183             0 xdg-document-po
[  803.216740] [   2027]  1000  2027      695        0    45056       31             0 fusermount
[  803.216741] [   2115]  1000  2115   697280        0   331776     3261             0 gjs
[  803.216742] [   2130]  1000  2130    41463        0    81920      152             0 gvfsd-metadata
[  803.216742] [   2132]  1000  2132   156538        0   151552      563             0 xdg-desktop-por
[  803.216743] [   2146]  1000  2146    95282        0   184320     1816             0 xdg-desktop-por
[  803.216744] [   2177]     0  2177    98408        0   200704     1388             0 fwupd
[  803.216745] [   2522]  1000  2522   105107        0   172032     1694             0 update-notifier
[  803.216746] [   2551]     0  2551     3791        0    69632      377             0 sshd
[  803.216747] [   2630]  1000  2630     3791        0    69632      409             0 sshd
[  803.216748] [   2631]  1000  2631     3253        1    57344       76             0 bash
[  803.216749] [   2634]  1000  2634     3418        1    57344      220             0 bash
[  803.216755] [   2678]  1000  2678      718        0    40960       25             0 sh
[  803.216756] [   2688]  1000  2688   235503        0  2285568    11028             0 node
[  803.216757] [   2724]  1000  2724   182050        0  2080768     8195             0 node
[  803.216758] [   2754]  1000  2754   247907        0  3457024    21743             0 node
[  803.216758] [   2765]  1000  2765   208855        0   688128     2314             0 node
[  803.216759] [   2807]  1000  2807   314893        0   356352    14464             0 cpptools
[  803.216760] [   2837]  1000  2837     3648        1    65536      477             0 bash
[  803.216761] [   2871]  1000  2871  1237281        0   196608     3905             0 cpptools-srv
[  803.216762] [   2959]  1000  2959     3615        1    65536      467             0 bash
[  803.216763] [   4229]  1000  4229   156790        0   274432     2938             0 gnome-terminal-
[  803.216764] [   4250]  1000  4250     3611        1    61440      440             0 bash
[  803.216765] [   4759]  1000  4759      655        0    36864       26             0 spray_seq_op
[  803.216766] [   4760]  1000  4760      655        0    36864       26             0 spray_seq_op
[  803.216766] [   4761]  1000  4761      655        0    36864       30             0 spray_seq_op
[  803.216767] [   4762]  1000  4762      655        0    36864       24             0 spray_seq_op
[  803.216768] [   4763]  1000  4763      655        0    36864       26             0 spray_seq_op
[  803.216769] [   4764]  1000  4764      655        0    36864       23             0 spray_seq_op
[  803.216769] [   4766]  1000  4766      655        0    36864       25             0 spray_seq_op
[  803.216770] [   4765]  1000  4765      655        0    36864       25             0 spray_seq_op
[  803.216771] [   4767]  1000  4767      655        0    36864       26             0 spray_seq_op
[  803.216771] [   4768]  1000  4768      655        0    36864       26             0 spray_seq_op
[  803.216772] [   4769]  1000  4769      655        0    36864       23             0 spray_seq_op
[  803.216773] [   4770]  1000  4770      655        0    36864       28             0 spray_seq_op
[  803.216774] [   4771]  1000  4771      655        0    36864       28             0 spray_seq_op
[  803.216774] [   4772]  1000  4772      655        0    36864       27             0 spray_seq_op
[  803.216775] [   4773]  1000  4773      655        0    36864       24             0 spray_seq_op
[  803.216775] [   4774]  1000  4774      655        0    36864       23             0 spray_seq_op
[  803.216776] [   4775]  1000  4775      655        0    36864       23             0 spray_seq_op
[  803.216777] [   4776]  1000  4776      655        0    36864       23             0 spray_seq_op
[  803.216778] [   4777]  1000  4777      655        0    36864       23             0 spray_seq_op
[  803.216778] [   4778]  1000  4778      655        0    36864       23             0 spray_seq_op
[  803.216779] [   4779]  1000  4779      655        0    36864       28             0 spray_seq_op
[  803.216780] [   4780]  1000  4780      655        0    36864       30             0 spray_seq_op
[  803.216780] [   4781]  1000  4781      655        0    36864       23             0 spray_seq_op
[  803.216785] [   4782]  1000  4782      655        0    36864       28             0 spray_seq_op
[  803.216786] [   4783]  1000  4783      655        0    36864       28             0 spray_seq_op
[  803.216787] [   4784]  1000  4784      655        0    36864       23             0 spray_seq_op
[  803.216788] [   4785]  1000  4785      655        0    36864       28             0 spray_seq_op
[  803.216788] [   4786]  1000  4786      655        0    36864       32             0 spray_seq_op
[  803.216789] [   4787]  1000  4787      655        0    36864       23             0 spray_seq_op
[  803.216790] [   4788]  1000  4788      655        0    36864       23             0 spray_seq_op
[  803.216791] [   4789]  1000  4789      655        0    36864       23             0 spray_seq_op
[  803.216791] [   4790]  1000  4790      655        0    36864       26             0 spray_seq_op
[  803.216798] oom-kill:constraint=CONSTRAINT_NONE,nodemask=(null),cpuset=/,mems_allowed=0,global_oom,task_memcg=/user.slice/user-1000.slice/user@1000.service,task=gnome-shell,pid=1567,uid=1000
[  803.216824] Out of memory: Killed process 1567 (gnome-shell) total-vm:4890524kB, anon-rss:0kB, file-rss:0kB, shmem-rss:0kB, UID:1000 pgtables:1344kB oom_score_adj:0
[  803.225399] oom_reaper: reaped process 1567 (gnome-shell), now anon-rss:0kB, file-rss:0kB, shmem-rss:0kB
[  803.254474] containerd invoked oom-killer: gfp_mask=0x100cca(GFP_HIGHUSER_MOVABLE), order=0, oom_score_adj=-999
[  803.254479] CPU: 1 PID: 774 Comm: containerd Not tainted 5.13.0-52-generic #59-Ubuntu
[  803.254480] Hardware name: QEMU Standard PC (Q35 + ICH9, 2009), BIOS 1.14.0-2 04/01/2014
[  803.254481] Call Trace:
[  803.254482]  <TASK>
[  803.254483]  show_stack+0x52/0x58
[  803.254487]  dump_stack+0x7d/0x9c
[  803.254488]  dump_header+0x4f/0x1f9
[  803.254489]  oom_kill_process.cold+0xb/0x10
[  803.254491]  out_of_memory+0xf9/0x2d0
[  803.254492]  __alloc_pages_slowpath.constprop.0+0x94f/0xa10
[  803.254494]  __alloc_pages+0x313/0x330
[  803.254495]  alloc_pages_vma+0x87/0x280
[  803.254496]  __read_swap_cache_async+0xf3/0x290
[  803.254498]  swap_cluster_readahead+0x24d/0x330
[  803.254499]  swapin_readahead+0x2a/0x30
[  803.254500]  do_swap_page+0x4ac/0x770
[  803.254502]  handle_pte_fault+0x1d4/0x230
[  803.254503]  __handle_mm_fault+0x5de/0x770
[  803.254505]  handle_mm_fault+0xda/0x2c0
[  803.254506]  do_user_addr_fault+0x1bb/0x660
[  803.254507]  exc_page_fault+0x7d/0x170
[  803.254508]  ? asm_exc_page_fault+0x8/0x30
[  803.254510]  asm_exc_page_fault+0x1e/0x30
[  803.254511] RIP: 0033:0x558e214053a7
[  803.254515] Code: Unable to access opcode bytes at RIP 0x558e2140537d.
[  803.254515] RSP: 002b:00007f85eaca9d38 EFLAGS: 00010246
[  803.254516] RAX: 000000bb01f0cd97 RBX: 000000c00005e400 RCX: 0000000000000000
[  803.254517] RDX: 000000000b692f97 RSI: 0000000000000323 RDI: 00007ffc92dd8000
[  803.254518] RBP: 00007f85eaca9d90 R08: 0000015a480aaa23 R09: 0000000000000000
[  803.254518] R10: 00007ffc92dd7080 R11: 00007ffc92dd7090 R12: 00007f85eaca9d18
[  803.254519] R13: 00007ffc92da2fbf R14: 000000c0000009c0 R15: 00007f85ea4aa000
[  803.254520]  </TASK>
[  803.254534] Mem-Info:
[  803.254535] active_anon:11 inactive_anon:0 isolated_anon:0
                active_file:20 inactive_file:0 isolated_file:0
                unevictable:0 dirty:27 writeback:0
                slab_reclaimable:31637 slab_unreclaimable:886584
                mapped:36 shmem:3 pagetables:5681 bounce:0
                free:22240 free_pcp:898 free_cma:0
[  803.254541] Node 0 active_anon:44kB inactive_anon:0kB active_file:80kB inactive_file:0kB unevictable:0kB isolated(anon):0kB isolated(file):0kB mapped:144kB dirty:108kB writeback:0kB shmem:12kB shmem_thp: 0kB shmem_pmdmapped: 0kB anon_thp: 0kB writeback_tmp:0kB kernel_stack:10112kB pagetables:22724kB all_unreclaimable? no
[  803.254543] Node 0 DMA free:14848kB min:268kB low:332kB high:396kB reserved_highatomic:0KB active_anon:0kB inactive_anon:0kB active_file:0kB inactive_file:0kB unevictable:0kB writepending:0kB present:15992kB managed:15360kB mlocked:0kB bounce:0kB free_pcp:0kB local_pcp:0kB free_cma:0kB
[  803.254545] lowmem_reserve[]: 0 1871 3751 3751 3751
[  803.254547] Node 0 DMA32 free:40684kB min:33584kB low:41980kB high:50376kB reserved_highatomic:0KB active_anon:24kB inactive_anon:480kB active_file:212kB inactive_file:80kB unevictable:0kB writepending:36kB present:2080624kB managed:1980784kB mlocked:0kB bounce:0kB free_pcp:80kB local_pcp:0kB free_cma:0kB
[  803.254549] lowmem_reserve[]: 0 0 1880 1880 1880
[  803.254550] Node 0 Normal free:33428kB min:33728kB low:42160kB high:50592kB reserved_highatomic:0KB active_anon:0kB inactive_anon:0kB active_file:240kB inactive_file:264kB unevictable:0kB writepending:72kB present:1998848kB managed:1925128kB mlocked:0kB bounce:0kB free_pcp:3512kB local_pcp:608kB free_cma:0kB
[  803.254552] lowmem_reserve[]: 0 0 0 0 0
[  803.254553] Node 0 DMA: 0*4kB 0*8kB 0*16kB 0*32kB 0*64kB 0*128kB 0*256kB 1*512kB (U) 0*1024kB 1*2048kB (M) 3*4096kB (M) = 14848kB
[  803.254558] Node 0 DMA32: 1905*4kB (ME) 1007*8kB (UME) 484*16kB (ME) 239*32kB (UME) 91*64kB (UME) 28*128kB (UM) 4*256kB (UM) 0*512kB 0*1024kB 0*2048kB 0*4096kB = 41500kB
[  803.254568] Node 0 Normal: 949*4kB (UME) 1032*8kB (UME) 645*16kB (UME) 235*32kB (UME) 53*64kB (M) 3*128kB (UM) 0*256kB 0*512kB 0*1024kB 0*2048kB 0*4096kB = 33668kB
[  803.254573] Node 0 hugepages_total=0 hugepages_free=0 hugepages_surp=0 hugepages_size=1048576kB
[  803.254573] Node 0 hugepages_total=0 hugepages_free=0 hugepages_surp=0 hugepages_size=2048kB
[  803.254574] 61 total pagecache pages
[  803.254574] 16 pages in swap cache
[  803.254575] Swap cache stats: add 264571, delete 264561, find 729/4025
[  803.254575] Free swap  = 1283124kB
[  803.254576] Total swap = 2097148kB
[  803.254576] 1023866 pages RAM
[  803.254576] 0 pages HighMem/MovableOnly
[  803.254577] 43548 pages reserved
[  803.254577] 0 pages hwpoisoned
[  803.254577] Unreclaimable slab info:
[  803.254578] Name                      Used          Total
[  803.254578] nf_conntrack              39KB         39KB
[  803.254580] scsi_sense_cache         168KB        168KB
[  803.254581] RAWv6                     92KB         92KB
[  803.254582] UDPv6                    126KB        126KB
[  803.254582] TCPv6                     61KB         61KB
[  803.254583] mqueue_inode_cache         15KB         15KB
[  803.254583] fuse_request              15KB         15KB
[  803.254586] UNIX                     888KB       1147KB
[  803.254587] RAW                       48KB         48KB
[  803.254588] tw_sock_TCP                7KB          7KB
[  803.254588] request_sock_TCP          15KB         15KB
[  803.254589] TCP                      122KB        122KB
[  803.254590] hugetlbfs_inode_cache         15KB         15KB
[  803.254590] ep_head                   16KB         16KB
[  803.254591] bio_crypt_ctx             11KB         11KB
[  803.254591] request_queue            158KB        285KB
[  803.254592] biovec-max               480KB        512KB
[  803.254592] biovec-128               128KB        128KB
[  803.254593] biovec-64                 64KB         64KB
[  803.254593] user_namespace            15KB         15KB
[  803.254594] dmaengine-unmap-256         30KB         30KB
[  803.254594] dmaengine-unmap-128         31KB         31KB
[  803.254594] skbuff_ext_cache          31KB         31KB
[  803.254599] skbuff_fclone_cache         32KB         32KB
[  803.254599] skbuff_head_cache         52KB         64KB
[  803.254600] file_lock_cache           26KB         26KB
[  803.254600] file_lock_ctx             15KB         15KB
[  803.254601] fsnotify_mark_connector        544KB        544KB
[  803.254601] net_namespace             57KB         57KB
[  803.254601] task_delay_info         1430KB       1430KB
[  803.254602] taskstats                 31KB         31KB
[  803.254602] proc_dir_entry           181KB        181KB
[  803.254603] pde_opener                15KB         15KB
[  803.254603] seq_file              899045KB     899046KB
[  803.254605] shmem_inode_cache       1653KB       1695KB
[  803.254608] kernfs_node_cache       4279KB       4320KB
[  803.254610] mnt_cache                946KB       1000KB
[  803.254611] filp                 1920004KB    1920004KB
[  803.254611] names_cache              288KB        288KB
[  803.254612] lsm_file_cache        180033KB     180033KB
[  803.254612] uts_namespace             30KB         30KB
[  803.254622] vm_area_struct          7044KB       7242KB
[  803.254623] mm_struct                318KB        318KB
[  803.254623] files_cache              205KB        205KB
[  803.254623] signal_cache             630KB        630KB
[  803.254624] sighand_cache            756KB        835KB
[  803.254627] task_struct             4036KB       4440KB
[  803.254628] cred_jar                 216KB        216KB
[  803.254634] anon_vma_chain          1109KB       1228KB
[  803.254639] anon_vma                 916KB        996KB
[  803.254639] pid                      236KB        236KB
[  803.254639] Acpi-Operand             126KB        126KB
[  803.254640] Acpi-ParseExt             15KB         15KB
[  803.254640] Acpi-State                47KB         47KB
[  803.254640] numa_policy                7KB          7KB
[  803.254641] perf_event                93KB         93KB
[  803.254645] trace_event_file         292KB        292KB
[  803.254646] ftrace_event_field        223KB        223KB
[  803.254647] pool_workqueue           206KB        220KB
[  803.254647] task_group               126KB        126KB
[  803.254649] vmap_area                185KB        220KB
[  803.254650] kmalloc-8k               976KB       1120KB
[  803.254653] kmalloc-4k              7740KB       8160KB
[  803.254655] kmalloc-2k              1776KB       1952KB
[  803.254655] kmalloc-1k             61792KB      61792KB
[  803.254655] kmalloc-512           114641KB     114648KB
[  803.254707] kmalloc-256             1371KB       2628KB
[  803.254722] kmalloc-192              942KB       1279KB
[  803.254722] kmalloc-128            60264KB      60264KB
[  803.254722] kmalloc-96               255KB        255KB
[  803.254739] kmalloc-64               722KB        812KB
[  803.254739] kmalloc-32            240620KB     240620KB
[  803.254740] kmalloc-16               156KB        156KB
[  803.254740] kmalloc-8                 72KB         72KB
[  803.254740] kmem_cache_node           20KB         20KB
[  803.254741] kmem_cache                48KB         48KB
[  803.254741] Tasks state (memory values in pages):
[  803.254742] [  pid  ]   uid  tgid total_vm      rss pgtables_bytes swapents oom_score_adj name
[  803.254748] [    291]     0   291    11683        0    90112      377          -250 systemd-journal
[  803.254750] [    344]     0   344     6214        0    69632      556         -1000 systemd-udevd
[  803.254752] [    613]   101   613     5875        0    86016      989             0 systemd-resolve
[  803.254753] [    614]   102   614    21922        0    73728      182             0 systemd-timesyn
[  803.254754] [    619]     0   619    60785        0   106496      365             0 accounts-daemon
[  803.254755] [    620]     0   620      699        0    40960       46             0 acpid
[  803.254756] [    623]   114   623     1871        0    53248      106             0 avahi-daemon
[  803.254757] [    624]     0   624     3140        0    61440       66             0 cron
[  803.254758] [    627]   103   627     2708        0    65536      655          -900 dbus-daemon
[  803.254759] [    628]     0   628    83994        0   159744      813             0 NetworkManager
[  803.254760] [    635]     0   635    20645        0    61440      101             0 irqbalance
[  803.254761] [    636]     0   636    10567        0   118784     2440             0 networkd-dispat
[  803.254762] [    638]     0   638    59138        0    90112      857             0 polkitd
[  803.254763] [    639]     0   639    59828        0    90112      151             0 power-profiles-
[  803.254764] [    640]   104   640    55310        0    81920      445             0 rsyslogd
[  803.254765] [    641]     0   641   292552        0   278528     4457          -900 snapd
[  803.254766] [    644]     0   644    59825        0    94208      156             0 switcheroo-cont
[  803.254767] [    645]     0   645     3464        0    65536      239             0 systemd-logind
[  803.254767] [    646]     0   646    98312        0   122880      600             0 udisksd
[  803.254768] [    647]     0   647     3578        0    69632      160             0 wpa_supplicant
[  803.254769] [    649]   114   649     1823        0    53248       83             0 avahi-daemon
[  803.254770] [    700]     0   700    79002        0   114688      457             0 ModemManager
[  803.254771] [    732]     0   732    18583        1   118784      574             0 cupsd
[  803.254772] [    739]     0   739   357464        0   307200     4801          -999 containerd
[  803.254773] [    744]     0   744    29898        0   131072     2256             0 unattended-upgr
[  803.254773] [    746]     0   746     3283        1    65536      228         -1000 sshd
[  803.254774] [    755]     7   755     3974        0    69632      206             0 dbus
[  803.254775] [    756]     7   756     3974        0    69632      206             0 dbus
[  803.254776] [    758]     7   758     3974        0    69632      206             0 dbus
[  803.254782] [    759]     0   759    60990        1   102400      294             0 gdm3
[  803.254783] [    790]     0   790    43482        0   106496      383             0 cups-browsed
[  803.254783] [    792] 65534   792     4672        0    77824      243             0 trojan
[  803.254785] [    794]   116   794    62446        0   122880      447             0 whoopsie
[  803.254786] [    799]   113   799     3193        0    61440      111             0 kerneloops
[  803.254787] [    802]   113   802     3193        0    69632      112             0 kerneloops
[  803.254787] [    834]     0   834   345902        0   364544     7159          -500 dockerd
[  803.254788] [    836]   111   836    38459        0    65536       75             0 rtkit-daemon
[  803.254789] [    978]     0   978    63027        0   106496      278             0 upowerd
[  803.254794] [   1207]     0  1207    93136        1   200704     1665             0 packagekitd
[  803.254795] [   1329]   121  1329    62008        1   110592      896             0 colord
[  803.254796] [   1383]     0  1383    21635        0    69632      137             0 spice-vdagentd
[  803.254797] [   1443]     0  1443    43399        1   102400      518             0 gdm-session-wor
[  803.254797] [   1453]  1000  1453     4021        0    69632      569             0 systemd
[  803.254798] [   1454]  1000  1454    41952        0    98304      929             0 (sd-pam)
[  803.254799] [   1460]  1000  1460    10563        0    73728      293             0 pipewire
[  803.254800] [   1461]  1000  1461     6525        0    77824      286             0 pipewire-media-
[  803.254801] [   1462]  1000  1462   286957        0   184320     1215             0 pulseaudio
[  803.254802] [   1466]  1000  1466     2597        0    61440      680             0 dbus-daemon
[  803.254803] [   1468]  1000  1468    60949        0    86016      274             0 gnome-keyring-d
[  803.254804] [   1472]  1000  1472    60892        1    98304      252             0 gvfsd
[  803.254804] [   1477]  1000  1477    94755        0    98304      224             0 gvfsd-fuse
[  803.254805] [   1485]  1000  1485    41328        1    86016      140             0 gdm-wayland-ses
[  803.254806] [   1489]  1000  1489    56145        0   135168      466             0 gnome-session-b
[  803.254807] [   1500]  1000  1500   188894        0   487424    27993             0 tracker-miner-f
[  803.254808] [   1536]  1000  1536    23666        0    81920      106             0 gnome-session-c
[  803.254809] [   1547]  1000  1547   164921        1   196608      692             0 gnome-session-b
[  803.254810] [   1564]  1000  1564    77321        1    94208      209             0 at-spi-bus-laun
[  803.254811] [   1573]  1000  1573     2059        1    61440      138             0 dbus-daemon
[  803.254812] [   1598]  1000  1598    79675        0   106496      454             0 gvfs-udisks2-vo
[  803.254812] [   1603]  1000  1603    79177        0   110592      252             0 gvfs-afc-volume
[  803.254813] [   1608]  1000  1608    59893        0    94208      188             0 gvfs-goa-volume
[  803.254814] [   1612]  1000  1612   140064        0   266240     1765             0 goa-daemon
[  803.254815] [   1619]  1000  1619    79620        0   110592      304             0 goa-identity-se
[  803.254816] [   1625]  1000  1625    60118        0    94208      222             0 gvfs-gphoto2-vo
[  803.254816] [   1629]  1000  1629    59849        0    90112      180             0 gvfs-mtp-volume
[  803.254817] [   1639]  1000  1639    59768        0    98304      148             0 xdg-permission-
[  803.254818] [   1657]  1000  1657   145227        0   172032      764             0 gnome-shell-cal
[  803.254820] [   1674]  1000  1674    98350        0   200704      981             0 evolution-sourc
[  803.254829] [   1681]  1000  1681   210324        0   262144     1140             0 evolution-calen
[  803.254830] [   1682]  1000  1682    39202        0    65536      152             0 dconf-service
[  803.254836] [   1695]  1000  1695   186726        0   262144      953             0 evolution-addre
[  803.254837] [   1709]  1000  1709    79431        0   114688      353             0 gvfsd-trash
[  803.254838] [   1717]  1000  1717   649125        0   233472     1357             0 gjs
[  803.254839] [   1719]  1000  1719    40593        0    86016      192             0 at-spi2-registr
[  803.254840] [   1727]  1000  1727    78327        0   102400      176             0 gsd-a11y-settin
[  803.254841] [   1729]  1000  1729   149967        0   204800     1350             0 gsd-color
[  803.254841] [   1730]  1000  1730    94187        0   163840      524             0 gsd-datetime
[  803.254842] [   1735]  1000  1735    78721        0   102400      252             0 gsd-housekeepin
[  803.254843] [   1736]  1000  1736    85934        0   163840     1293             0 gsd-keyboard
[  803.254844] [   1738]  1000  1738   233227        0   237568     1437             0 gsd-media-keys
[  803.254845] [   1739]  1000  1739   131411        0   200704     1349             0 gsd-power
[  803.254845] [   1741]  1000  1741    63090        1   118784      372             0 gsd-print-notif
[  803.254846] [   1743]  1000  1743   115194        0   114688      206             0 gsd-rfkill
[  803.254847] [   1744]  1000  1744    59835        0    98304      162             0 gsd-screensaver
[  803.254848] [   1745]  1000  1745   117172        0   135168      409             0 gsd-sharing
[  803.254853] [   1746]  1000  1746   115661        0   126976      267             0 gsd-smartcard
[  803.254854] [   1747]  1000  1747    81002        0   122880      353             0 gsd-sound
[  803.254855] [   1748]  1000  1748    85878        0   167936     1227             0 gsd-wacom
[  803.254856] [   1796]  1000  1796    68835        0   155648     1741             0 spice-vdagent
[  803.254857] [   1813]  1000  1813    43761        0   299008     3025             0 Xwayland
[  803.254857] [   1828]  1000  1828    86218        0   159744      504             0 gsd-printer
[  803.254858] [   1833]  1000  1833    79372        0   110592     1112             0 ibus-daemon
[  803.254859] [   1835]  1000  1835   125296        0   401408     4018             0 gsd-xsettings
[  803.254860] [   1863]  1000  1863    60065        0    94208      198             0 ibus-dconf
[  803.254861] [   1864]  1000  1864    87299        0   167936     2561             0 ibus-extension-
[  803.254861] [   1872]  1000  1872    88132        0   360448     3796             0 ibus-x11
[  803.254862] [   1884]  1000  1884    60050        0    94208      176             0 ibus-portal
[  803.254863] [   1892]  1000  1892   651170        1   233472     1348             0 gjs
[  803.254864] [   1928]  1000  1928    41604        0    86016      195             0 ibus-engine-sim
[  803.254865] [   1939]  1000  1939    58024        0    77824      336             0 gsd-disk-utilit
[  803.254865] [   1946]  1000  1946   167369        0   376832     3491             0 evolution-alarm
[  803.254866] [   1994]  1000  1994   210992        1   335872     7917             0 snap-store
[  803.254867] [   2023]  1000  2023   133699        0   131072      183             0 xdg-document-po
[  803.254868] [   2027]  1000  2027      695        0    45056       31             0 fusermount
[  803.254869] [   2115]  1000  2115   697280        0   331776     3261             0 gjs
[  803.254870] [   2130]  1000  2130    41463        0    81920      152             0 gvfsd-metadata
[  803.254870] [   2132]  1000  2132   156538        0   151552      563             0 xdg-desktop-por
[  803.254871] [   2146]  1000  2146    95282        0   184320     1816             0 xdg-desktop-por
[  803.254872] [   2177]     0  2177    98408        0   200704     1388             0 fwupd
[  803.254873] [   2522]  1000  2522   105107        0   172032     1694             0 update-notifier
[  803.254874] [   2551]     0  2551     3791        0    69632      377             0 sshd
[  803.254875] [   2630]  1000  2630     3791        0    69632      409             0 sshd
[  803.254880] [   2631]  1000  2631     3253        1    57344       76             0 bash
[  803.254881] [   2634]  1000  2634     3418        1    57344      220             0 bash
[  803.254881] [   2678]  1000  2678      718        0    40960       25             0 sh
[  803.254882] [   2688]  1000  2688   235503        0  2285568    11028             0 node
[  803.254883] [   2724]  1000  2724   182050        0  2080768     8195             0 node
[  803.254884] [   2754]  1000  2754   247907        0  3457024    21748             0 node
[  803.254885] [   2765]  1000  2765   208855        0   688128     2314             0 node
[  803.254886] [   2807]  1000  2807   314893        0   356352    14464             0 cpptools
[  803.254887] [   2837]  1000  2837     3648        1    65536      477             0 bash
[  803.254887] [   2871]  1000  2871  1237281        0   196608     3905             0 cpptools-srv
[  803.254888] [   2959]  1000  2959     3615        1    65536      467             0 bash
[  803.254889] [   4229]  1000  4229   156790        0   274432     2938             0 gnome-terminal-
[  803.254890] [   4250]  1000  4250     3611        1    61440      440             0 bash
[  803.254891] [   4759]  1000  4759      655        0    36864       26             0 spray_seq_op
[  803.254892] [   4760]  1000  4760      655        0    36864       26             0 spray_seq_op
[  803.254893] [   4761]  1000  4761      655        0    36864       30             0 spray_seq_op
[  803.254893] [   4762]  1000  4762      655        0    36864       24             0 spray_seq_op
[  803.254894] [   4763]  1000  4763      655        0    36864       26             0 spray_seq_op
[  803.254895] [   4764]  1000  4764      655        0    36864       23             0 spray_seq_op
[  803.254896] [   4766]  1000  4766      655        0    36864       25             0 spray_seq_op
[  803.254900] [   4765]  1000  4765      655        0    36864       30             0 spray_seq_op
[  803.254901] [   4767]  1000  4767      655        0    36864       26             0 spray_seq_op
[  803.254902] [   4768]  1000  4768      655        0    36864       26             0 spray_seq_op
[  803.254903] [   4769]  1000  4769      655        0    36864       23             0 spray_seq_op
[  803.254903] [   4770]  1000  4770      655        0    36864       28             0 spray_seq_op
[  803.254904] [   4771]  1000  4771      655        0    36864       28             0 spray_seq_op
[  803.254905] [   4772]  1000  4772      655        0    36864       27             0 spray_seq_op
[  803.254906] [   4773]  1000  4773      655        0    36864       24             0 spray_seq_op
[  803.254906] [   4774]  1000  4774      655        0    36864       23             0 spray_seq_op
[  803.254907] [   4775]  1000  4775      655        0    36864       23             0 spray_seq_op
[  803.254908] [   4776]  1000  4776      655        0    36864       23             0 spray_seq_op
[  803.254909] [   4777]  1000  4777      655        0    36864       23             0 spray_seq_op
[  803.254909] [   4778]  1000  4778      655        0    36864       27             0 spray_seq_op
[  803.254910] [   4779]  1000  4779      655        0    36864       33             0 spray_seq_op
[  803.254911] [   4780]  1000  4780      655        0    36864       30             0 spray_seq_op
[  803.254912] [   4781]  1000  4781      655        0    36864       23             0 spray_seq_op
[  803.254912] [   4782]  1000  4782      655        0    36864       30             0 spray_seq_op
[  803.254913] [   4783]  1000  4783      655        0    36864       28             0 spray_seq_op
[  803.254914] [   4784]  1000  4784      655        0    36864       23             0 spray_seq_op
[  803.254914] [   4785]  1000  4785      655        0    36864       28             0 spray_seq_op
[  803.254915] [   4786]  1000  4786      655        0    36864       35             0 spray_seq_op
[  803.254916] [   4787]  1000  4787      655        0    36864       27             0 spray_seq_op
[  803.254917] [   4788]  1000  4788      655        0    36864       23             0 spray_seq_op
[  803.254921] [   4789]  1000  4789      655        0    36864       23             0 spray_seq_op
[  803.254922] [   4790]  1000  4790      655        0    36864       26             0 spray_seq_op
[  803.254923] oom-kill:constraint=CONSTRAINT_NONE,nodemask=(null),cpuset=/,mems_allowed=0,global_oom,task_memcg=/user.slice/user-1000.slice/user@1000.service,task=tracker-miner-f,pid=1500,uid=1000
[  803.254942] Out of memory: Killed process 1500 (tracker-miner-f) total-vm:755576kB, anon-rss:0kB, file-rss:0kB, shmem-rss:0kB, UID:1000 pgtables:476kB oom_score_adj:0
[  803.258746] oom_reaper: reaped process 1500 (tracker-miner-f), now anon-rss:0kB, file-rss:0kB, shmem-rss:0kB
[  803.721281] gdbus invoked oom-killer: gfp_mask=0x100cca(GFP_HIGHUSER_MOVABLE), order=0, oom_score_adj=0
[  803.721287] CPU: 2 PID: 710 Comm: gdbus Not tainted 5.13.0-52-generic #59-Ubuntu
[  803.721288] Hardware name: QEMU Standard PC (Q35 + ICH9, 2009), BIOS 1.14.0-2 04/01/2014
[  803.721289] Call Trace:
[  803.721291]  <TASK>
[  803.721292]  show_stack+0x52/0x58
[  803.721296]  dump_stack+0x7d/0x9c
[  803.721297]  dump_header+0x4f/0x1f9
[  803.721298]  oom_kill_process.cold+0xb/0x10
[  803.721299]  out_of_memory+0xf9/0x2d0
[  803.721301]  __alloc_pages_slowpath.constprop.0+0x94f/0xa10
[  803.721303]  __alloc_pages+0x313/0x330
[  803.721304]  alloc_pages_vma+0x87/0x280
[  803.721305]  wp_page_copy+0x79/0x580
[  803.721306]  ? swap_free+0x23/0x30
[  803.721307]  do_wp_page+0xca/0x2f0
[  803.721308]  handle_pte_fault+0x20b/0x230
[  803.721309]  __handle_mm_fault+0x5de/0x770
[  803.721331]  handle_mm_fault+0xda/0x2c0
[  803.721332]  do_user_addr_fault+0x1bb/0x660
[  803.721334]  exc_page_fault+0x7d/0x170
[  803.721335]  ? asm_exc_page_fault+0x8/0x30
[  803.721336]  asm_exc_page_fault+0x1e/0x30
[  803.721337] RIP: 0033:0x7f7d01971759
[  803.721341] Code: Unable to access opcode bytes at RIP 0x7f7d0197172f.
[  803.721341] RSP: 002b:00007f7cff86e518 EFLAGS: 00010283
[  803.721343] RAX: 00007f7cf0017af0 RBX: 0000000000000060 RCX: 00007f7cf0017ae0
[  803.721343] RDX: 0000000000000068 RSI: 0000000000000000 RDI: 00007f7cf0017af0
[  803.721344] RBP: 000055be29856e30 R08: 00007f7cf0017af0 R09: 00000007f7cf0017
[  803.721344] R10: 00007ffee1530080 R11: 0000000000000005 R12: 00007f7cf001c220
[  803.721345] R13: 00000000000000ad R14: 000055be29762320 R15: 00000000000000ad
[  803.721346]  </TASK>
[  803.721346] Mem-Info:
[  803.721347] active_anon:0 inactive_anon:7 isolated_anon:0
                active_file:23 inactive_file:0 isolated_file:0
                unevictable:0 dirty:0 writeback:27
                slab_reclaimable:8865 slab_unreclaimable:910565
                mapped:32 shmem:0 pagetables:4860 bounce:0
                free:22266 free_pcp:132 free_cma:0
[  803.721349] Node 0 active_anon:0kB inactive_anon:28kB active_file:92kB inactive_file:0kB unevictable:0kB isolated(anon):0kB isolated(file):0kB mapped:128kB dirty:0kB writeback:108kB shmem:0kB shmem_thp: 0kB shmem_pmdmapped: 0kB anon_thp: 0kB writeback_tmp:0kB kernel_stack:8992kB pagetables:19440kB all_unreclaimable? yes
[  803.721351] Node 0 DMA free:14848kB min:268kB low:332kB high:396kB reserved_highatomic:0KB active_anon:0kB inactive_anon:0kB active_file:0kB inactive_file:0kB unevictable:0kB writepending:0kB present:15992kB managed:15360kB mlocked:0kB bounce:0kB free_pcp:0kB local_pcp:0kB free_cma:0kB
[  803.721353] lowmem_reserve[]: 0 1871 3751 3751 3751
[  803.721354] Node 0 DMA32 free:40836kB min:33584kB low:41980kB high:50376kB reserved_highatomic:0KB active_anon:300kB inactive_anon:16kB active_file:28kB inactive_file:0kB unevictable:0kB writepending:128kB present:2080624kB managed:1980784kB mlocked:0kB bounce:0kB free_pcp:4kB local_pcp:4kB free_cma:0kB
[  803.721356] lowmem_reserve[]: 0 0 1880 1880 1880
[  803.721357] Node 0 Normal free:33380kB min:33728kB low:42160kB high:50592kB reserved_highatomic:0KB active_anon:0kB inactive_anon:0kB active_file:92kB inactive_file:0kB unevictable:0kB writepending:0kB present:1998848kB managed:1925128kB mlocked:0kB bounce:0kB free_pcp:524kB local_pcp:0kB free_cma:0kB
[  803.721359] lowmem_reserve[]: 0 0 0 0 0
[  803.721360] Node 0 DMA: 0*4kB 0*8kB 0*16kB 0*32kB 0*64kB 0*128kB 0*256kB 1*512kB (U) 0*1024kB 1*2048kB (M) 3*4096kB (M) = 14848kB
[  803.721371] Node 0 DMA32: 1598*4kB (UME) 780*8kB (ME) 375*16kB (ME) 358*32kB (UME) 122*64kB (UME) 25*128kB (UM) 2*256kB (UM) 0*512kB 0*1024kB 0*2048kB 0*4096kB = 41608kB
[  803.721376] Node 0 Normal: 1244*4kB (UME) 972*8kB (UME) 631*16kB (UME) 245*32kB (UME) 56*64kB (UME) 2*128kB (UM) 0*256kB 0*512kB 0*1024kB 0*2048kB 0*4096kB = 34528kB
[  803.721381] Node 0 hugepages_total=0 hugepages_free=0 hugepages_surp=0 hugepages_size=1048576kB
[  803.721382] Node 0 hugepages_total=0 hugepages_free=0 hugepages_surp=0 hugepages_size=2048kB
[  803.721382] 88 total pagecache pages
[  803.721382] 76 pages in swap cache
[  803.721383] Swap cache stats: add 282347, delete 282331, find 2586/16818
[  803.721384] Free swap  = 1518184kB
[  803.721384] Total swap = 2097148kB
[  803.721384] 1023866 pages RAM
[  803.721385] 0 pages HighMem/MovableOnly
[  803.721385] 43548 pages reserved
[  803.721385] 0 pages hwpoisoned
[  803.721386] Unreclaimable slab info:
[  803.721386] Name                      Used          Total
[  803.721387] nf_conntrack              39KB         39KB
[  803.721389] scsi_sense_cache         168KB        168KB
[  803.721390] RAWv6                     92KB         92KB
[  803.721390] UDPv6                    126KB        126KB
[  803.721391] TCPv6                     61KB         61KB
[  803.721392] mqueue_inode_cache         15KB         15KB
[  803.721392] fuse_request              15KB         15KB
[  803.721396] UNIX                     786KB       1147KB
[  803.721401] RAW                       48KB         48KB
[  803.721402] tw_sock_TCP                7KB          7KB
[  803.721402] request_sock_TCP          15KB         15KB
[  803.721403] TCP                      122KB        122KB
[  803.721403] hugetlbfs_inode_cache         15KB         15KB
[  803.721404] ep_head                   16KB         16KB
[  803.721404] bio_crypt_ctx             11KB         11KB
[  803.721405] request_queue            158KB        285KB
[  803.721406] biovec-max               480KB        608KB
[  803.721406] biovec-128               128KB        128KB
[  803.721407] biovec-64                 64KB         64KB
[  803.721407] user_namespace            15KB         15KB
[  803.721408] dmaengine-unmap-256         30KB         30KB
[  803.721412] dmaengine-unmap-128         31KB         31KB
[  803.721412] skbuff_ext_cache          31KB         31KB
[  803.721413] skbuff_fclone_cache         32KB         32KB
[  803.721413] skbuff_head_cache         88KB         88KB
[  803.721414] file_lock_cache           26KB         26KB
[  803.721414] file_lock_ctx             15KB         15KB
[  803.721415] fsnotify_mark_connector         58KB         88KB
[  803.721416] net_namespace             57KB         57KB
[  803.721418] task_delay_info          233KB        294KB
[  803.721419] taskstats                 31KB         31KB
[  803.721419] proc_dir_entry           181KB        181KB
[  803.721420] pde_opener                15KB         15KB
[  803.721420] seq_file              925151KB     925151KB
[  803.721422] shmem_inode_cache       1640KB       1695KB
[  803.721425] kernfs_node_cache       4277KB       4316KB
[  803.721427] mnt_cache                946KB       1000KB
[  803.721431] filp                 1975164KB    1975228KB
[  803.721431] names_cache              288KB        288KB
[  803.721432] lsm_file_cache        185256KB     185257KB
[  803.721433] uts_namespace             30KB         30KB
[  803.721459] vm_area_struct          5736KB       6394KB
[  803.721459] mm_struct                318KB        318KB
[  803.721460] files_cache              205KB        205KB
[  803.721460] signal_cache             630KB        630KB
[  803.721461] sighand_cache            750KB        835KB
[  803.721466] task_struct             3552KB       4226KB
[  803.721466] cred_jar                 216KB        216KB
[  803.721478] anon_vma_chain           965KB       1212KB
[  803.721486] anon_vma                 785KB        972KB
[  803.721486] pid                      236KB        236KB
[  803.721487] Acpi-Operand             126KB        126KB
[  803.721487] Acpi-ParseExt             15KB         15KB
[  803.721488] Acpi-State                47KB         47KB
[  803.721496] numa_policy                7KB          7KB
[  803.721497] perf_event                93KB         93KB
[  803.721497] trace_event_file         292KB        292KB
[  803.721498] ftrace_event_field        223KB        223KB
[  803.721499] pool_workqueue           206KB        220KB
[  803.721499] task_group               126KB        126KB
[  803.721501] vmap_area                185KB        220KB
[  803.721503] kmalloc-8k               976KB       1120KB
[  803.721506] kmalloc-4k              7660KB       8160KB
[  803.721508] kmalloc-2k              1774KB       1952KB
[  803.721508] kmalloc-1k             63520KB      63520KB
[  803.721509] kmalloc-512           117768KB     117768KB
[  803.721522] kmalloc-256              633KB       1120KB
[  803.721549] kmalloc-192              924KB       1271KB
[  803.721550] kmalloc-128            61984KB      61984KB
[  803.721550] kmalloc-96               255KB        255KB
[  803.721558] kmalloc-64               710KB        812KB
[  803.721558] kmalloc-32            247556KB     247556KB
[  803.721558] kmalloc-16               156KB        156KB
[  803.721559] kmalloc-8                 72KB         72KB
[  803.721559] kmem_cache_node           20KB         20KB
[  803.721560] kmem_cache                48KB         48KB
[  803.721560] Tasks state (memory values in pages):
[  803.721560] [  pid  ]   uid  tgid total_vm      rss pgtables_bytes swapents oom_score_adj name
[  803.721568] [    291]     0   291    11683        0    90112      372          -250 systemd-journal
[  803.721569] [    344]     0   344     6214        0    69632      556         -1000 systemd-udevd
[  803.721572] [    613]   101   613     5875        0    86016      989             0 systemd-resolve
[  803.721573] [    614]   102   614    21922        0    73728      182             0 systemd-timesyn
[  803.721574] [    619]     0   619    60785        0   106496      378             0 accounts-daemon
[  803.721575] [    620]     0   620      699        0    40960       46             0 acpid
[  803.721576] [    623]   114   623     1871        0    53248      133             0 avahi-daemon
[  803.721577] [    624]     0   624     3140        0    61440       66             0 cron
[  803.721578] [    627]   103   627     2708        0    65536      674          -900 dbus-daemon
[  803.721579] [    628]     0   628    83994        0   159744      824             0 NetworkManager
[  803.721580] [    635]     0   635    20645        0    61440      101             0 irqbalance
[  803.721581] [    636]     0   636    10567        0   118784     2440             0 networkd-dispat
[  803.721582] [    638]     0   638    59138        0    90112      864             0 polkitd
[  803.721582] [    639]     0   639    59828        0    90112      151             0 power-profiles-
[  803.721583] [    640]   104   640    55310        0    81920      455             0 rsyslogd
[  803.721584] [    641]     0   641   292552        0   278528     4457          -900 snapd
[  803.721585] [    644]     0   644    59825        0    94208      156             0 switcheroo-cont
[  803.721586] [    645]     0   645     3464        0    65536      239             0 systemd-logind
[  803.721586] [    646]     0   646    98312        0   122880      600             0 udisksd
[  803.721587] [    647]     0   647     3578        0    69632      174             0 wpa_supplicant
[  803.721588] [    649]   114   649     1823        0    53248       83             0 avahi-daemon
[  803.721589] [    700]     0   700    79002        0   114688      457             0 ModemManager
[  803.721590] [    732]     0   732    18583        1   118784      574             0 cupsd
[  803.721596] [    739]     0   739   357464        0   307200     4832          -999 containerd
[  803.721597] [    744]     0   744    29898        0   131072     2256             0 unattended-upgr
[  803.721598] [    746]     0   746     3283        1    65536      228         -1000 sshd
[  803.721599] [    755]     7   755     3974        0    69632      206             0 dbus
[  803.721600] [    756]     7   756     3974        0    69632      206             0 dbus
[  803.721605] [    758]     7   758     3974        0    69632      206             0 dbus
[  803.721606] [    759]     0   759    60990        1   102400      294             0 gdm3
[  803.721607] [    790]     0   790    43482        0   106496      397             0 cups-browsed
[  803.721608] [    792] 65534   792     4672        0    77824      243             0 trojan
[  803.721609] [    794]   116   794    62446        0   122880      447             0 whoopsie
[  803.721610] [    799]   113   799     3193        0    61440      111             0 kerneloops
[  803.721611] [    802]   113   802     3193        0    69632      112             0 kerneloops
[  803.721612] [    834]     0   834   345902        0   364544     7159          -500 dockerd
[  803.721612] [    836]   111   836    38459        0    65536       75             0 rtkit-daemon
[  803.721613] [    978]     0   978    63027        0   106496      279             0 upowerd
[  803.721614] [   1207]     0  1207    93136        1   200704     1665             0 packagekitd
[  803.721615] [   1329]   121  1329    62008        0   110592      949             0 colord
[  803.721616] [   1383]     0  1383    21635        0    69632      146             0 spice-vdagentd
[  803.721618] [   1443]     0  1443    43399        1   102400      518             0 gdm-session-wor
[  803.721618] [   1453]  1000  1453     4021        0    69632      583             0 systemd
[  803.721619] [   1454]  1000  1454    41952        0    98304      929             0 (sd-pam)
[  803.721620] [   1460]  1000  1460    10563        0    73728      307             0 pipewire
[  803.721621] [   1461]  1000  1461     6525        0    77824      300             0 pipewire-media-
[  803.721622] [   1462]  1000  1462   286957        0   184320     1231             0 pulseaudio
[  803.721622] [   1466]  1000  1466     2597        0    61440      703             0 dbus-daemon
[  803.721623] [   1468]  1000  1468    60949        0    86016      333             0 gnome-keyring-d
[  803.721624] [   1472]  1000  1472    60892        1    98304      252             0 gvfsd
[  803.721625] [   1477]  1000  1477    94755        0    98304      224             0 gvfsd-fuse
[  803.721626] [   1485]  1000  1485    41328        1    86016      140             0 gdm-wayland-ses
[  803.721627] [   1489]  1000  1489    56145        0   135168      466             0 gnome-session-b
[  803.721628] [   1536]  1000  1536    23666        0    81920      106             0 gnome-session-c
[  803.721629] [   1547]  1000  1547   164921        0   196608      724             0 gnome-session-b
[  803.721629] [   1564]  1000  1564    77321        1    94208      209             0 at-spi-bus-laun
[  803.721630] [   1573]  1000  1573     2059        1    61440      138             0 dbus-daemon
[  803.721631] [   1598]  1000  1598    79675        0   106496      496             0 gvfs-udisks2-vo
[  803.721632] [   1603]  1000  1603    79177        0   110592      266             0 gvfs-afc-volume
[  803.721632] [   1608]  1000  1608    59893        0    94208      196             0 gvfs-goa-volume
[  803.721633] [   1612]  1000  1612   140064        0   266240     1765             0 goa-daemon
[  803.721634] [   1619]  1000  1619    79620        0   110592      304             0 goa-identity-se
[  803.721635] [   1625]  1000  1625    60118        0    94208      238             0 gvfs-gphoto2-vo
[  803.721636] [   1629]  1000  1629    59849        0    90112      193             0 gvfs-mtp-volume
[  803.721636] [   1639]  1000  1639    59768        0    98304      148             0 xdg-permission-
[  803.721637] [   1657]  1000  1657   145227        0   172032      764             0 gnome-shell-cal
[  803.721638] [   1674]  1000  1674    98350        0   200704      981             0 evolution-sourc
[  803.721639] [   1681]  1000  1681   210324        0   262144     1140             0 evolution-calen
[  803.721640] [   1682]  1000  1682    39202        0    65536      152             0 dconf-service
[  803.721649] [   1695]  1000  1695   186726        0   262144      953             0 evolution-addre
[  803.721650] [   1709]  1000  1709    79431        0   114688      376             0 gvfsd-trash
[  803.721651] [   1719]  1000  1719    40593        0    86016      192             0 at-spi2-registr
[  803.721652] [   1727]  1000  1727    78327        0   102400      176             0 gsd-a11y-settin
[  803.721653] [   1730]  1000  1730    94187        0   163840      524             0 gsd-datetime
[  803.721654] [   1735]  1000  1735    78721        0   102400      252             0 gsd-housekeepin
[  803.721655] [   1736]  1000  1736    85934        0   163840     1293             0 gsd-keyboard
[  803.721655] [   1739]  1000  1739   131411        0   200704     1378             0 gsd-power
[  803.721656] [   1741]  1000  1741    63090        1   118784      372             0 gsd-print-notif
[  803.721657] [   1743]  1000  1743   115194        0   114688      206             0 gsd-rfkill
[  803.721658] [   1744]  1000  1744    59835        0    98304      162             0 gsd-screensaver
[  803.721658] [   1745]  1000  1745   117172        0   135168      409             0 gsd-sharing
[  803.721659] [   1746]  1000  1746   115661        0   126976      267             0 gsd-smartcard
[  803.721660] [   1747]  1000  1747    81002        0   122880      353             0 gsd-sound
[  803.721661] [   1796]  1000  1796    68835        0   155648     1749             0 spice-vdagent
[  803.721662] [   1828]  1000  1828    86218        0   159744      504             0 gsd-printer
[  803.721663] [   1835]  1000  1835   125296        0   401408     4072             0 gsd-xsettings
[  803.721663] [   1864]  1000  1864    87299        0   167936     2527             0 ibus-extension-
[  803.721664] [   1872]  1000  1872    88132        0   364544     3841             0 ibus-x11
[  803.721665] [   1939]  1000  1939    58024        0    77824      336             0 gsd-disk-utilit
[  803.721666] [   1994]  1000  1994   210992        1   335872     7917             0 snap-store
[  803.721667] [   2023]  1000  2023   152132        0   139264      228             0 xdg-document-po
[  803.721668] [   2027]  1000  2027      695        0    45056       31             0 fusermount
[  803.721669] [   2130]  1000  2130    41463        0    81920      152             0 gvfsd-metadata
[  803.721670] [   2132]  1000  2132   156538        0   151552      625             0 xdg-desktop-por
[  803.721670] [   2177]     0  2177    98408        0   200704     1388             0 fwupd
[  803.721672] [   2551]     0  2551     3791        0    69632      377             0 sshd
[  803.721672] [   2630]  1000  2630     3791        0    69632      409             0 sshd
[  803.721673] [   2631]  1000  2631     3253        1    57344       76             0 bash
[  803.721674] [   2634]  1000  2634     3418        1    57344      220             0 bash
[  803.721675] [   2678]  1000  2678      718        0    40960       25             0 sh
[  803.721676] [   2688]  1000  2688   235503        0  2285568    11028             0 node
[  803.721677] [   2724]  1000  2724   182050        0  2080768     8195             0 node
[  803.721678] [   2754]  1000  2754   247907        0  3457024    21760             0 node
[  803.721679] [   2765]  1000  2765   208855        0   688128     2317             0 node
[  803.721679] [   2807]  1000  2807   314893        0   356352    14474             0 cpptools
[  803.721681] [   2837]  1000  2837     3648        1    65536      477             0 bash
[  803.721681] [   2871]  1000  2871  1237281        0   196608     3908             0 cpptools-srv
[  803.721682] [   2959]  1000  2959     3615        1    65536      467             0 bash
[  803.721683] [   4759]  1000  4759      655        0    36864       37             0 spray_seq_op
[  803.721684] [   4760]  1000  4760      655        0    36864       26             0 spray_seq_op
[  803.721685] [   4761]  1000  4761      655        0    36864       43             0 spray_seq_op
[  803.721686] [   4762]  1000  4762      655        0    36864       33             0 spray_seq_op
[  803.721691] [   4763]  1000  4763      655        0    36864       26             0 spray_seq_op
[  803.721692] [   4764]  1000  4764      655        0    36864       31             0 spray_seq_op
[  803.721696] [   4766]  1000  4766      655        0    36864       25             0 spray_seq_op
[  803.721697] [   4765]  1000  4765      655        0    36864       24             0 spray_seq_op
[  803.721702] [   4767]  1000  4767      655        0    36864       39             0 spray_seq_op
[  803.721702] [   4768]  1000  4768      655        0    36864       33             0 spray_seq_op
[  803.721703] [   4769]  1000  4769      655        0    36864       26             0 spray_seq_op
[  803.721704] [   4770]  1000  4770      655        0    36864       28             0 spray_seq_op
[  803.721705] [   4771]  1000  4771      655        0    36864       26             0 spray_seq_op
[  803.721706] [   4772]  1000  4772      655        0    36864       34             0 spray_seq_op
[  803.721706] [   4773]  1000  4773      655        0    36864       27             0 spray_seq_op
[  803.721707] [   4774]  1000  4774      655        0    36864       23             0 spray_seq_op
[  803.721708] [   4775]  1000  4775      655        0    36864       23             0 spray_seq_op
[  803.721708] [   4776]  1000  4776      655        0    36864       29             0 spray_seq_op
[  803.721709] [   4777]  1000  4777      655        0    36864       23             0 spray_seq_op
[  803.721710] [   4778]  1000  4778      655        0    36864       31             0 spray_seq_op
[  803.721711] [   4779]  1000  4779      655        0    36864       46             0 spray_seq_op
[  803.721712] [   4780]  1000  4780      655        0    36864       30             0 spray_seq_op
[  803.721713] [   4781]  1000  4781      655        0    36864       31             0 spray_seq_op
[  803.721713] [   4782]  1000  4782      655        0    36864       38             0 spray_seq_op
[  803.721714] [   4783]  1000  4783      655        0    36864       37             0 spray_seq_op
[  803.721715] [   4784]  1000  4784      655        0    36864       26             0 spray_seq_op
[  803.721715] [   4785]  1000  4785      655        0    36864       35             0 spray_seq_op
[  803.721716] [   4786]  1000  4786      655        0    36864       38             0 spray_seq_op
[  803.721717] [   4787]  1000  4787      655        0    36864       33             0 spray_seq_op
[  803.721717] [   4788]  1000  4788      655        0    36864       32             0 spray_seq_op
[  803.721718] [   4789]  1000  4789      655        0    36864       23             0 spray_seq_op
[  803.721719] [   4790]  1000  4790      655        0    36864       44             0 spray_seq_op
[  803.721720] oom-kill:constraint=CONSTRAINT_NONE,nodemask=(null),cpuset=/,mems_allowed=0,global_oom,task_memcg=/user.slice/user-1000.slice/session-4.scope,task=node,pid=2754,uid=1000
[  803.721740] Out of memory: Killed process 2754 (node) total-vm:991628kB, anon-rss:0kB, file-rss:0kB, shmem-rss:0kB, UID:1000 pgtables:3376kB oom_score_adj:0
[  803.724961] oom_reaper: reaped process 2754 (node), now anon-rss:0kB, file-rss:0kB, shmem-rss:0kB
[  803.770044] gdbus invoked oom-killer: gfp_mask=0x100cca(GFP_HIGHUSER_MOVABLE), order=0, oom_score_adj=0
[  803.770049] CPU: 2 PID: 710 Comm: gdbus Not tainted 5.13.0-52-generic #59-Ubuntu
[  803.770051] Hardware name: QEMU Standard PC (Q35 + ICH9, 2009), BIOS 1.14.0-2 04/01/2014
[  803.770052] Call Trace:
[  803.770053]  <TASK>
[  803.770054]  show_stack+0x52/0x58
[  803.770057]  dump_stack+0x7d/0x9c
[  803.770059]  dump_header+0x4f/0x1f9
[  803.770060]  oom_kill_process.cold+0xb/0x10
[  803.770061]  out_of_memory+0xf9/0x2d0
[  803.770063]  __alloc_pages_slowpath.constprop.0+0x94f/0xa10
[  803.770064]  __alloc_pages+0x313/0x330
[  803.770066]  alloc_pages_vma+0x87/0x280
[  803.770067]  wp_page_copy+0x79/0x580
[  803.770068]  ? swap_free+0x23/0x30
[  803.770069]  do_wp_page+0xca/0x2f0
[  803.770070]  handle_pte_fault+0x20b/0x230
[  803.770071]  __handle_mm_fault+0x5de/0x770
[  803.770073]  handle_mm_fault+0xda/0x2c0
[  803.770094]  do_user_addr_fault+0x1bb/0x660
[  803.770096]  exc_page_fault+0x7d/0x170
[  803.770098]  ? asm_exc_page_fault+0x8/0x30
[  803.770099]  asm_exc_page_fault+0x1e/0x30
[  803.770100] RIP: 0033:0x7f7d01971759
[  803.770104] Code: Unable to access opcode bytes at RIP 0x7f7d0197172f.
[  803.770104] RSP: 002b:00007f7cff86e518 EFLAGS: 00010283
[  803.770105] RAX: 00007f7cf0017af0 RBX: 0000000000000060 RCX: 00007f7cf0017ae0
[  803.770106] RDX: 0000000000000068 RSI: 0000000000000000 RDI: 00007f7cf0017af0
[  803.770106] RBP: 000055be29856e30 R08: 00007f7cf0017af0 R09: 00000007f7cf0017
[  803.770107] R10: 00007ffee1530080 R11: 0000000000000005 R12: 00007f7cf001c220
[  803.770107] R13: 00000000000000ad R14: 000055be29762320 R15: 00000000000000ad
[  803.770108]  </TASK>
[  803.770109] Mem-Info:
[  803.770110] active_anon:0 inactive_anon:7 isolated_anon:0
                active_file:54 inactive_file:0 isolated_file:0
                unevictable:0 dirty:0 writeback:27
                slab_reclaimable:8865 slab_unreclaimable:910565
                mapped:32 shmem:0 pagetables:4860 bounce:0
                free:22266 free_pcp:302 free_cma:0
[  803.770112] Node 0 active_anon:0kB inactive_anon:28kB active_file:216kB inactive_file:0kB unevictable:0kB isolated(anon):0kB isolated(file):0kB mapped:128kB dirty:0kB writeback:108kB shmem:0kB shmem_thp: 0kB shmem_pmdmapped: 0kB anon_thp: 0kB writeback_tmp:0kB kernel_stack:8832kB pagetables:19440kB all_unreclaimable? no
[  803.770114] Node 0 DMA free:14848kB min:268kB low:332kB high:396kB reserved_highatomic:0KB active_anon:0kB inactive_anon:0kB active_file:0kB inactive_file:0kB unevictable:0kB writepending:0kB present:15992kB managed:15360kB mlocked:0kB bounce:0kB free_pcp:0kB local_pcp:0kB free_cma:0kB
[  803.770116] lowmem_reserve[]: 0 1871 3751 3751 3751
[  803.770118] Node 0 DMA32 free:40836kB min:33584kB low:41980kB high:50376kB reserved_highatomic:0KB active_anon:300kB inactive_anon:16kB active_file:28kB inactive_file:0kB unevictable:0kB writepending:128kB present:2080624kB managed:1980784kB mlocked:0kB bounce:0kB free_pcp:180kB local_pcp:84kB free_cma:0kB
[  803.770120] lowmem_reserve[]: 0 0 1880 1880 1880
[  803.770121] Node 0 Normal free:33380kB min:33728kB low:42160kB high:50592kB reserved_highatomic:0KB active_anon:216kB inactive_anon:0kB active_file:592kB inactive_file:228kB unevictable:0kB writepending:0kB present:1998848kB managed:1925128kB mlocked:0kB bounce:0kB free_pcp:1028kB local_pcp:240kB free_cma:0kB
[  803.770122] lowmem_reserve[]: 0 0 0 0 0
[  803.770124] Node 0 DMA: 0*4kB 0*8kB 0*16kB 0*32kB 0*64kB 0*128kB 0*256kB 1*512kB (U) 0*1024kB 1*2048kB (M) 3*4096kB (M) = 14848kB
[  803.770128] Node 0 DMA32: 1598*4kB (UME) 780*8kB (ME) 375*16kB (ME) 358*32kB (UME) 122*64kB (UME) 25*128kB (UM) 2*256kB (UM) 0*512kB 0*1024kB 0*2048kB 0*4096kB = 41608kB
[  803.770132] Node 0 Normal: 1118*4kB (UME) 972*8kB (UME) 631*16kB (UME) 246*32kB (UME) 56*64kB (UME) 2*128kB (UM) 0*256kB 0*512kB 0*1024kB 0*2048kB 0*4096kB = 34056kB
[  803.770137] Node 0 hugepages_total=0 hugepages_free=0 hugepages_surp=0 hugepages_size=1048576kB
[  803.770138] Node 0 hugepages_total=0 hugepages_free=0 hugepages_surp=0 hugepages_size=2048kB
[  803.770138] 88 total pagecache pages
[  803.770139] 45 pages in swap cache
[  803.770139] Swap cache stats: add 282365, delete 282349, find 2586/16830
[  803.770139] Free swap  = 1605224kB
[  803.770140] Total swap = 2097148kB
[  803.770140] 1023866 pages RAM
[  803.770140] 0 pages HighMem/MovableOnly
[  803.770141] 43548 pages reserved
[  803.770141] 0 pages hwpoisoned
[  803.770141] Unreclaimable slab info:
[  803.770142] Name                      Used          Total
[  803.770143] nf_conntrack              39KB         39KB
[  803.770145] scsi_sense_cache         168KB        168KB
[  803.770146] RAWv6                     92KB         92KB
[  803.770147] UDPv6                    126KB        126KB
[  803.770147] TCPv6                     61KB         61KB
[  803.770148] mqueue_inode_cache         15KB         15KB
[  803.770148] fuse_request              15KB         15KB
[  803.770153] UNIX                     786KB       1147KB
[  803.770154] RAW                       48KB         48KB
[  803.770158] tw_sock_TCP                7KB          7KB
[  803.770163] request_sock_TCP          15KB         15KB
[  803.770164] TCP                      122KB        122KB
[  803.770164] hugetlbfs_inode_cache         15KB         15KB
[  803.770165] ep_head                   16KB         16KB
[  803.770165] bio_crypt_ctx             11KB         11KB
[  803.770166] request_queue            158KB        285KB
[  803.770167] biovec-max               480KB        608KB
[  803.770167] biovec-128               128KB        128KB
[  803.770168] biovec-64                 64KB         64KB
[  803.770168] user_namespace            15KB         15KB
[  803.770169] dmaengine-unmap-256         30KB         30KB
[  803.770169] dmaengine-unmap-128         31KB         31KB
[  803.770170] skbuff_ext_cache          31KB         31KB
[  803.770170] skbuff_fclone_cache         32KB         32KB
[  803.770170] skbuff_head_cache         88KB         88KB
[  803.770171] file_lock_cache           26KB         26KB
[  803.770171] file_lock_ctx             15KB         15KB
[  803.770172] fsnotify_mark_connector         58KB         88KB
[  803.770173] net_namespace             57KB         57KB
[  803.770176] task_delay_info          232KB        294KB
[  803.770176] taskstats                 31KB         31KB
[  803.770177] proc_dir_entry           181KB        181KB
[  803.770177] pde_opener                15KB         15KB
[  803.770178] seq_file              925151KB     925151KB
[  803.770179] shmem_inode_cache       1640KB       1695KB
[  803.770182] kernfs_node_cache       4277KB       4316KB
[  803.770185] mnt_cache                946KB       1000KB
[  803.770191] filp                 1975164KB    1975228KB
[  803.770191] names_cache              288KB        288KB
[  803.770192] lsm_file_cache        185256KB     185257KB
[  803.770192] uts_namespace             30KB         30KB
[  803.770219] vm_area_struct          5736KB       6394KB
[  803.770220] mm_struct                318KB        318KB
[  803.770220] files_cache              205KB        205KB
[  803.770221] signal_cache             630KB        630KB
[  803.770222] sighand_cache            750KB        835KB
[  803.770227] task_struct             3497KB       4226KB
[  803.770228] cred_jar                 216KB        216KB
[  803.770239] anon_vma_chain           965KB       1212KB
[  803.770247] anon_vma                 785KB        972KB
[  803.770247] pid                      236KB        236KB
[  803.770248] Acpi-Operand             126KB        126KB
[  803.770248] Acpi-ParseExt             15KB         15KB
[  803.770249] Acpi-State                47KB         47KB
[  803.770249] numa_policy                7KB          7KB
[  803.770254] perf_event                93KB         93KB
[  803.770255] trace_event_file         292KB        292KB
[  803.770255] ftrace_event_field        223KB        223KB
[  803.770256] pool_workqueue           206KB        220KB
[  803.770256] task_group               126KB        126KB
[  803.770258] vmap_area                185KB        220KB
[  803.770260] kmalloc-8k               976KB       1120KB
[  803.770263] kmalloc-4k              7660KB       8160KB
[  803.770265] kmalloc-2k              1774KB       1952KB
[  803.770265] kmalloc-1k             63520KB      63520KB
[  803.770265] kmalloc-512           117768KB     117768KB
[  803.770279] kmalloc-256              633KB       1120KB
[  803.770294] kmalloc-192              924KB       1271KB
[  803.770295] kmalloc-128            61984KB      61984KB
[  803.770295] kmalloc-96               255KB        255KB
[  803.770302] kmalloc-64               709KB        812KB
[  803.770303] kmalloc-32            247556KB     247556KB
[  803.770303] kmalloc-16               156KB        156KB
[  803.770303] kmalloc-8                 72KB         72KB
[  803.770304] kmem_cache_node           20KB         20KB
[  803.770304] kmem_cache                48KB         48KB
[  803.770305] Tasks state (memory values in pages):
[  803.770305] [  pid  ]   uid  tgid total_vm      rss pgtables_bytes swapents oom_score_adj name
[  803.770312] [    291]     0   291    11683        0    90112      372          -250 systemd-journal
[  803.770313] [    344]     0   344     6214        0    69632      556         -1000 systemd-udevd
[  803.770320] [    613]   101   613     5875        0    86016      989             0 systemd-resolve
